Archive member included to satisfy reference by file (symbol)

c:/program files (x86)/gnu tools arm embedded/6.2 2016q4/bin/../lib/gcc/arm-none-eabi/6.2.1/../../../../arm-none-eabi/lib/thumb/v7e-m/fpv4-sp/hard\libc_nano.a(lib_a-exit.o)
                              c:/program files (x86)/gnu tools arm embedded/6.2 2016q4/bin/../lib/gcc/arm-none-eabi/6.2.1/../../../../arm-none-eabi/lib/thumb/v7e-m/fpv4-sp/hard/crt0.o (exit)
c:/program files (x86)/gnu tools arm embedded/6.2 2016q4/bin/../lib/gcc/arm-none-eabi/6.2.1/../../../../arm-none-eabi/lib/thumb/v7e-m/fpv4-sp/hard\libc_nano.a(lib_a-impure.o)
                              c:/program files (x86)/gnu tools arm embedded/6.2 2016q4/bin/../lib/gcc/arm-none-eabi/6.2.1/../../../../arm-none-eabi/lib/thumb/v7e-m/fpv4-sp/hard\libc_nano.a(lib_a-exit.o) (_global_impure_ptr)
c:/program files (x86)/gnu tools arm embedded/6.2 2016q4/bin/../lib/gcc/arm-none-eabi/6.2.1/../../../../arm-none-eabi/lib/thumb/v7e-m/fpv4-sp/hard\libc_nano.a(lib_a-init.o)
                              c:/program files (x86)/gnu tools arm embedded/6.2 2016q4/bin/../lib/gcc/arm-none-eabi/6.2.1/../../../../arm-none-eabi/lib/thumb/v7e-m/fpv4-sp/hard/crt0.o (__libc_init_array)
c:/program files (x86)/gnu tools arm embedded/6.2 2016q4/bin/../lib/gcc/arm-none-eabi/6.2.1/../../../../arm-none-eabi/lib/thumb/v7e-m/fpv4-sp/hard\libc_nano.a(lib_a-memset.o)
                              c:/program files (x86)/gnu tools arm embedded/6.2 2016q4/bin/../lib/gcc/arm-none-eabi/6.2.1/../../../../arm-none-eabi/lib/thumb/v7e-m/fpv4-sp/hard/crt0.o (memset)
c:/program files (x86)/gnu tools arm embedded/6.2 2016q4/bin/../lib/gcc/arm-none-eabi/6.2.1/../../../../arm-none-eabi/lib/thumb/v7e-m/fpv4-sp/hard\libnosys.a(_exit.o)
                              c:/program files (x86)/gnu tools arm embedded/6.2 2016q4/bin/../lib/gcc/arm-none-eabi/6.2.1/../../../../arm-none-eabi/lib/thumb/v7e-m/fpv4-sp/hard\libc_nano.a(lib_a-exit.o) (_exit)
c:/program files (x86)/gnu tools arm embedded/6.2 2016q4/bin/../lib/gcc/arm-none-eabi/6.2.1/../../../../arm-none-eabi/lib/thumb/v7e-m/fpv4-sp/hard\libm.a(lib_a-w_pow.o)
                              _build/nrf52832_xxaa_APDS9301.c.o (pow)
c:/program files (x86)/gnu tools arm embedded/6.2 2016q4/bin/../lib/gcc/arm-none-eabi/6.2.1/../../../../arm-none-eabi/lib/thumb/v7e-m/fpv4-sp/hard\libm.a(lib_a-e_pow.o)
                              c:/program files (x86)/gnu tools arm embedded/6.2 2016q4/bin/../lib/gcc/arm-none-eabi/6.2.1/../../../../arm-none-eabi/lib/thumb/v7e-m/fpv4-sp/hard\libm.a(lib_a-w_pow.o) (__ieee754_pow)
c:/program files (x86)/gnu tools arm embedded/6.2 2016q4/bin/../lib/gcc/arm-none-eabi/6.2.1/../../../../arm-none-eabi/lib/thumb/v7e-m/fpv4-sp/hard\libm.a(lib_a-e_sqrt.o)
                              c:/program files (x86)/gnu tools arm embedded/6.2 2016q4/bin/../lib/gcc/arm-none-eabi/6.2.1/../../../../arm-none-eabi/lib/thumb/v7e-m/fpv4-sp/hard\libm.a(lib_a-e_pow.o) (__ieee754_sqrt)
c:/program files (x86)/gnu tools arm embedded/6.2 2016q4/bin/../lib/gcc/arm-none-eabi/6.2.1/../../../../arm-none-eabi/lib/thumb/v7e-m/fpv4-sp/hard\libm.a(lib_a-s_fabs.o)
                              c:/program files (x86)/gnu tools arm embedded/6.2 2016q4/bin/../lib/gcc/arm-none-eabi/6.2.1/../../../../arm-none-eabi/lib/thumb/v7e-m/fpv4-sp/hard\libm.a(lib_a-e_pow.o) (fabs)
c:/program files (x86)/gnu tools arm embedded/6.2 2016q4/bin/../lib/gcc/arm-none-eabi/6.2.1/../../../../arm-none-eabi/lib/thumb/v7e-m/fpv4-sp/hard\libm.a(lib_a-s_finite.o)
                              c:/program files (x86)/gnu tools arm embedded/6.2 2016q4/bin/../lib/gcc/arm-none-eabi/6.2.1/../../../../arm-none-eabi/lib/thumb/v7e-m/fpv4-sp/hard\libm.a(lib_a-w_pow.o) (finite)
c:/program files (x86)/gnu tools arm embedded/6.2 2016q4/bin/../lib/gcc/arm-none-eabi/6.2.1/../../../../arm-none-eabi/lib/thumb/v7e-m/fpv4-sp/hard\libm.a(lib_a-s_lib_ver.o)
                              c:/program files (x86)/gnu tools arm embedded/6.2 2016q4/bin/../lib/gcc/arm-none-eabi/6.2.1/../../../../arm-none-eabi/lib/thumb/v7e-m/fpv4-sp/hard\libm.a(lib_a-w_pow.o) (__fdlib_version)
c:/program files (x86)/gnu tools arm embedded/6.2 2016q4/bin/../lib/gcc/arm-none-eabi/6.2.1/../../../../arm-none-eabi/lib/thumb/v7e-m/fpv4-sp/hard\libm.a(lib_a-s_matherr.o)
                              c:/program files (x86)/gnu tools arm embedded/6.2 2016q4/bin/../lib/gcc/arm-none-eabi/6.2.1/../../../../arm-none-eabi/lib/thumb/v7e-m/fpv4-sp/hard\libm.a(lib_a-w_pow.o) (matherr)
c:/program files (x86)/gnu tools arm embedded/6.2 2016q4/bin/../lib/gcc/arm-none-eabi/6.2.1/../../../../arm-none-eabi/lib/thumb/v7e-m/fpv4-sp/hard\libm.a(lib_a-s_nan.o)
                              c:/program files (x86)/gnu tools arm embedded/6.2 2016q4/bin/../lib/gcc/arm-none-eabi/6.2.1/../../../../arm-none-eabi/lib/thumb/v7e-m/fpv4-sp/hard\libm.a(lib_a-e_pow.o) (nan)
[...]
Memory Configuration

Name             Origin             Length             Attributes
FLASH            0x0001f000         0x00061000         xr
RAM              0x20002128         0x0000ded8         xrw
*default*        0x00000000         0xffffffff

Linker script and memory map


.text           0x0001f000     0x7094
 *(.isr_vector)
 .isr_vector    0x0001f000      0x400 _build/nrf52832_xxaa_gcc_startup_nrf52.S.o
                0x0001f000                __isr_vector
 *(.text*)
 .text          0x0001f400       0x6c c:/program files (x86)/gnu tools arm embedded/6.2 2016q4/bin/../lib/gcc/arm-none-eabi/6.2.1/thumb/v7e-m/fpv4-sp/hard/crtbegin.o
 .text          0x0001f46c       0x74 c:/program files (x86)/gnu tools arm embedded/6.2 2016q4/bin/../lib/gcc/arm-none-eabi/6.2.1/../../../../arm-none-eabi/lib/thumb/v7e-m/fpv4-sp/hard/crt0.o
                0x0001f46c                _start
                0x0001f46c                _mainCRTStartup
 .text.exit     0x0001f4e0       0x28 c:/program files (x86)/gnu tools arm embedded/6.2 2016q4/bin/../lib/gcc/arm-none-eabi/6.2.1/../../../../arm-none-eabi/lib/thumb/v7e-m/fpv4-sp/hard\libc_nano.a(lib_a-exit.o)
                0x0001f4e0                exit
 .text.__libc_init_array
                0x0001f508       0x48 c:/program files (x86)/gnu tools arm embedded/6.2 2016q4/bin/../lib/gcc/arm-none-eabi/6.2.1/../../../../arm-none-eabi/lib/thumb/v7e-m/fpv4-sp/hard\libc_nano.a(lib_a-init.o)
                0x0001f508                __libc_init_array
 .text.memset   0x0001f550       0x10 c:/program files (x86)/gnu tools arm embedded/6.2 2016q4/bin/../lib/gcc/arm-none-eabi/6.2.1/../../../../arm-none-eabi/lib/thumb/v7e-m/fpv4-sp/hard\libc_nano.a(lib_a-memset.o)
                0x0001f550                memset
 .text._exit    0x0001f560        0x4 c:/program files (x86)/gnu tools arm embedded/6.2 2016q4/bin/../lib/gcc/arm-none-eabi/6.2.1/../../../../arm-none-eabi/lib/thumb/v7e-m/fpv4-sp/hard\libnosys.a(_exit.o)
                0x0001f560                _exit
 .text.app_error_handler_bare
                0x0001f564       0x2c _build/nrf52832_xxaa_app_error.c.o
                0x0001f564                app_error_handler_bare
 .text.NVIC_SystemReset
                0x0001f590       0x28 _build/nrf52832_xxaa_app_error_weak.c.o
 .text.app_error_fault_handler
                0x0001f5b8       0x18 _build/nrf52832_xxaa_app_error_weak.c.o
                0x0001f5b8                app_error_fault_handler
 .text.NVIC_EnableIRQ
                0x0001f5d0       0x34 _build/nrf52832_xxaa_app_timer.c.o
 .text.NVIC_DisableIRQ
                0x0001f604       0x34 _build/nrf52832_xxaa_app_timer.c.o
 .text.NVIC_SetPendingIRQ
                0x0001f638       0x34 _build/nrf52832_xxaa_app_timer.c.o
 .text.NVIC_ClearPendingIRQ
                0x0001f66c       0x34 _build/nrf52832_xxaa_app_timer.c.o
 .text.NVIC_SetPriority
                0x0001f6a0       0x54 _build/nrf52832_xxaa_app_timer.c.o
 .text.is_word_aligned
                0x0001f6f4       0x24 _build/nrf52832_xxaa_app_timer.c.o
 .text.nrf_delay_us
                0x0001f718       0xa8 _build/nrf52832_xxaa_app_timer.c.o
 .text.rtc1_init
                0x0001f7c0       0x24 _build/nrf52832_xxaa_app_timer.c.o
 .text.rtc1_start
                0x0001f7e4       0x44 _build/nrf52832_xxaa_app_timer.c.o
 .text.rtc1_stop
                0x0001f828       0x54 _build/nrf52832_xxaa_app_timer.c.o
 .text.rtc1_counter_get
                0x0001f87c       0x18 _build/nrf52832_xxaa_app_timer.c.o
 .text.ticks_diff_get
                0x0001f894       0x20 _build/nrf52832_xxaa_app_timer.c.o
 .text.rtc1_compare0_set
                0x0001f8b4       0x20 _build/nrf52832_xxaa_app_timer.c.o
 .text.timer_list_insert
                0x0001f8d4       0xb4 _build/nrf52832_xxaa_app_timer.c.o
 .text.timer_list_remove
                0x0001f988       0xa8 _build/nrf52832_xxaa_app_timer.c.o
 .text.timer_timeouts_check_sched
                0x0001fa30        0xe _build/nrf52832_xxaa_app_timer.c.o
 .text.timer_list_handler_sched
                0x0001fa3e        0xe _build/nrf52832_xxaa_app_timer.c.o
 .text.timeout_handler_exec
                0x0001fa4c       0x4c _build/nrf52832_xxaa_app_timer.c.o
 .text.timer_timeouts_check
                0x0001fa98       0xc8 _build/nrf52832_xxaa_app_timer.c.o
 .text.elapsed_ticks_acquire
                0x0001fb60       0x80 _build/nrf52832_xxaa_app_timer.c.o
 .text.list_deletions_handler
                0x0001fbe0       0xa0 _build/nrf52832_xxaa_app_timer.c.o
 .text.expired_timers_handler
                0x0001fc80       0x9c _build/nrf52832_xxaa_app_timer.c.o
 .text.list_insertions_handler
                0x0001fd1c      0x160 _build/nrf52832_xxaa_app_timer.c.o
 .text.compare_reg_update
                0x0001fe7c       0xb4 _build/nrf52832_xxaa_app_timer.c.o
 .text.timer_list_handler
                0x0001ff30       0x78 _build/nrf52832_xxaa_app_timer.c.o
 .text.user_op_enque
                0x0001ffa8       0x20 _build/nrf52832_xxaa_app_timer.c.o
 .text.user_op_alloc
                0x0001ffc8       0x5c _build/nrf52832_xxaa_app_timer.c.o
 .text.timer_start_op_schedule
                0x00020024       0x84 _build/nrf52832_xxaa_app_timer.c.o
 .text.timer_stop_op_schedule
                0x000200a8       0x66 _build/nrf52832_xxaa_app_timer.c.o
 *fill*         0x0002010e        0x2 
 .text.RTC1_IRQHandler
                0x00020110       0x40 _build/nrf52832_xxaa_app_timer.c.o
                0x00020110                RTC1_IRQHandler
 .text.SWI0_EGU0_IRQHandler
                0x00020150        0xc _build/nrf52832_xxaa_app_timer.c.o
                0x00020150                SWI0_EGU0_IRQHandler
 .text.app_timer_init
                0x0002015c       0xac _build/nrf52832_xxaa_app_timer.c.o
                0x0002015c                app_timer_init
 .text.app_timer_create
                0x00020208       0x68 _build/nrf52832_xxaa_app_timer.c.o
                0x00020208                app_timer_create
 .text.app_timer_start
                0x00020270       0x68 _build/nrf52832_xxaa_app_timer.c.o
                0x00020270                app_timer_start
 .text.app_timer_stop
                0x000202d8       0x48 _build/nrf52832_xxaa_app_timer.c.o
                0x000202d8                app_timer_stop
 .text.__sd_nvic_irq_disable
                0x00020320       0x20 _build/nrf52832_xxaa_app_util_platform.c.o
 .text.__sd_nvic_irq_enable
                0x00020340       0x10 _build/nrf52832_xxaa_app_util_platform.c.o
 .text.sd_nvic_critical_region_enter
                0x00020350       0x74 _build/nrf52832_xxaa_app_util_platform.c.o
 .text.sd_nvic_critical_region_exit
                0x000203c4       0x50 _build/nrf52832_xxaa_app_util_platform.c.o
 .text.app_util_critical_region_enter
                0x00020414       0x16 _build/nrf52832_xxaa_app_util_platform.c.o
                0x00020414                app_util_critical_region_enter
 .text.app_util_critical_region_exit
                0x0002042a       0x1a _build/nrf52832_xxaa_app_util_platform.c.o
                0x0002042a                app_util_critical_region_exit
 .text.fs_queued_op_count_get
                0x00020444       0x2c _build/nrf52832_xxaa_fstorage.c.o
                0x00020444                fs_queued_op_count_get
 .text.nrf_gpio_pin_port_decode
                0x00020470       0x18 _build/nrf52832_xxaa_boards.c.o
 .text.nrf_gpio_pin_set
                0x00020488       0x2a _build/nrf52832_xxaa_boards.c.o
 .text.nrf_gpio_pin_clear
                0x000204b2       0x2a _build/nrf52832_xxaa_boards.c.o
 .text.nrf_gpio_pin_toggle
                0x000204dc       0x46 _build/nrf52832_xxaa_boards.c.o
 .text.nrf_gpio_pin_write
                0x00020522       0x26 _build/nrf52832_xxaa_boards.c.o
 .text.nrf_gpio_pin_out_read
                0x00020548       0x2c _build/nrf52832_xxaa_boards.c.o
 .text.nrf_gpio_port_out_read
                0x00020574       0x1a _build/nrf52832_xxaa_boards.c.o
 .text.nrf_gpio_port_out_set
                0x0002058e       0x1e _build/nrf52832_xxaa_boards.c.o
 .text.nrf_gpio_port_out_clear
                0x000205ac       0x1e _build/nrf52832_xxaa_boards.c.o
 *fill*         0x000205ca        0x2 
 .text.bsp_board_led_state_get
                0x000205cc       0x48 _build/nrf52832_xxaa_boards.c.o
                0x000205cc                bsp_board_led_state_get
 .text.bsp_board_led_on
                0x00020614       0x24 _build/nrf52832_xxaa_boards.c.o
                0x00020614                bsp_board_led_on
 .text.bsp_board_led_off
                0x00020638       0x24 _build/nrf52832_xxaa_boards.c.o
                0x00020638                bsp_board_led_off
 .text.bsp_board_leds_off
                0x0002065c       0x26 _build/nrf52832_xxaa_boards.c.o
                0x0002065c                bsp_board_leds_off
 .text.bsp_board_leds_on
                0x00020682       0x26 _build/nrf52832_xxaa_boards.c.o
                0x00020682                bsp_board_leds_on
 .text.bsp_board_led_invert
                0x000206a8       0x24 _build/nrf52832_xxaa_boards.c.o
                0x000206a8                bsp_board_led_invert
 .text.bsp_board_button_idx_to_pin
                0x000206cc       0x20 _build/nrf52832_xxaa_boards.c.o
                0x000206cc                bsp_board_button_idx_to_pin
 .text.nrf_clock_int_disable
                0x000206ec       0x1e _build/nrf52832_xxaa_nrf_drv_clock.c.o
 .text.nrf_clock_event_clear
                0x0002070a       0x2c _build/nrf52832_xxaa_nrf_drv_clock.c.o
 .text.nrf_clock_event_check
                0x00020736       0x28 _build/nrf52832_xxaa_nrf_drv_clock.c.o
 .text.nrf_clock_lf_src_set
                0x0002075e       0x24 _build/nrf52832_xxaa_nrf_drv_clock.c.o
 *fill*         0x00020782        0x2 
 .text.nrf_drv_common_irq_enable_check
                0x00020784       0x40 _build/nrf52832_xxaa_nrf_drv_clock.c.o
 .text.nrf_drv_common_power_clock_irq_init
                0x000207c4       0x22 _build/nrf52832_xxaa_nrf_drv_clock.c.o
 *fill*         0x000207e6        0x2 
 .text.nrf_drv_clock_init
                0x000207e8       0x60 _build/nrf52832_xxaa_nrf_drv_clock.c.o
                0x000207e8                nrf_drv_clock_init
 .text.item_dequeue
                0x00020848       0x2a _build/nrf52832_xxaa_nrf_drv_clock.c.o
 *fill*         0x00020872        0x2 
 .text.clock_clk_started_notify
                0x00020874       0x48 _build/nrf52832_xxaa_nrf_drv_clock.c.o
 .text.POWER_CLOCK_IRQHandler
                0x000208bc       0x5c _build/nrf52832_xxaa_nrf_drv_clock.c.o
                0x000208bc                POWER_CLOCK_IRQHandler
 .text.nrf_drv_clock_on_soc_event
                0x00020918       0x1c _build/nrf52832_xxaa_nrf_drv_clock.c.o
                0x00020918                nrf_drv_clock_on_soc_event
 .text.nrf_drv_clock_on_sd_enable
                0x00020934       0x48 _build/nrf52832_xxaa_nrf_drv_clock.c.o
                0x00020934                nrf_drv_clock_on_sd_enable
 .text.NVIC_EnableIRQ
                0x0002097c       0x34 _build/nrf52832_xxaa_nrf_drv_common.c.o
 .text.NVIC_ClearPendingIRQ
                0x000209b0       0x34 _build/nrf52832_xxaa_nrf_drv_common.c.o
 .text.NVIC_SetPriority
                0x000209e4       0x54 _build/nrf52832_xxaa_nrf_drv_common.c.o
 .text.nrf_drv_common_irq_enable
                0x00020a38       0x3a _build/nrf52832_xxaa_nrf_drv_common.c.o
                0x00020a38                nrf_drv_common_irq_enable
 .text.nrf_gpiote_event_is_set
                0x00020a72       0x28 _build/nrf52832_xxaa_nrf_drv_gpiote.c.o
 .text.nrf_gpiote_event_clear
                0x00020a9a       0x32 _build/nrf52832_xxaa_nrf_drv_gpiote.c.o
 .text.nrf_gpiote_event_addr_get
                0x00020acc       0x20 _build/nrf52832_xxaa_nrf_drv_gpiote.c.o
 .text.nrf_gpiote_int_is_enabled
                0x00020aec       0x24 _build/nrf52832_xxaa_nrf_drv_gpiote.c.o
 .text.nrf_gpiote_event_pin_get
                0x00020b10       0x2c _build/nrf52832_xxaa_nrf_drv_gpiote.c.o
 .text.nrf_gpiote_event_polarity_get
                0x00020b3c       0x2c _build/nrf52832_xxaa_nrf_drv_gpiote.c.o
 .text.nrf_gpio_pin_port_decode
                0x00020b68       0x18 _build/nrf52832_xxaa_nrf_drv_gpiote.c.o
 .text.nrf_gpio_cfg_sense_set
                0x00020b80       0x58 _build/nrf52832_xxaa_nrf_drv_gpiote.c.o
 .text.nrf_gpio_pin_sense_get
                0x00020bd8       0x2e _build/nrf52832_xxaa_nrf_drv_gpiote.c.o
 .text.nrf_gpio_port_in_read
                0x00020c06       0x1a _build/nrf52832_xxaa_nrf_drv_gpiote.c.o
 .text.nrf_gpio_ports_read
                0x00020c20       0x52 _build/nrf52832_xxaa_nrf_drv_gpiote.c.o
 .text.nrf_bitmask_bit_is_set
                0x00020c72       0x3a _build/nrf52832_xxaa_nrf_drv_gpiote.c.o
 .text.nrf_bitmask_bit_set
                0x00020cac       0x4a _build/nrf52832_xxaa_nrf_drv_gpiote.c.o
 *fill*         0x00020cf6        0x2 
 .text.channel_port_get
                0x00020cf8       0x24 _build/nrf52832_xxaa_nrf_drv_gpiote.c.o
 .text.channel_handler_get
                0x00020d1c       0x20 _build/nrf52832_xxaa_nrf_drv_gpiote.c.o
 .text.GPIOTE_IRQHandler
                0x00020d3c      0x2e8 _build/nrf52832_xxaa_nrf_drv_gpiote.c.o
                0x00020d3c                GPIOTE_IRQHandler
 .text.nrf_twim_task_trigger
                0x00021024       0x22 _build/nrf52832_xxaa_nrf_drv_twi.c.o
 .text.nrf_twim_event_clear
                0x00021046       0x2e _build/nrf52832_xxaa_nrf_drv_twi.c.o
 .text.nrf_twim_event_check
                0x00021074       0x2a _build/nrf52832_xxaa_nrf_drv_twi.c.o
 .text.nrf_twim_int_enable
                0x0002109e       0x1e _build/nrf52832_xxaa_nrf_drv_twi.c.o
 .text.nrf_twim_int_disable
                0x000210bc       0x1e _build/nrf52832_xxaa_nrf_drv_twi.c.o
 .text.nrf_twim_enable
                0x000210da       0x1c _build/nrf52832_xxaa_nrf_drv_twi.c.o
 .text.nrf_twim_pins_set
                0x000210f6       0x28 _build/nrf52832_xxaa_nrf_drv_twi.c.o
 .text.nrf_twim_frequency_set
                0x0002111e       0x1e _build/nrf52832_xxaa_nrf_drv_twi.c.o
 .text.nrf_twim_errorsrc_get_and_clear
                0x0002113c       0x26 _build/nrf52832_xxaa_nrf_drv_twi.c.o
 .text.nrf_twim_address_set
                0x00021162       0x20 _build/nrf52832_xxaa_nrf_drv_twi.c.o
 .text.nrf_twim_tx_buffer_set
                0x00021182       0x2a _build/nrf52832_xxaa_nrf_drv_twi.c.o
 .text.nrf_twim_rx_buffer_set
                0x000211ac       0x2a _build/nrf52832_xxaa_nrf_drv_twi.c.o
 .text.nrf_twim_shorts_set
                0x000211d6       0x1e _build/nrf52832_xxaa_nrf_drv_twi.c.o
 .text.nrf_twim_txd_amount_get
                0x000211f4       0x1a _build/nrf52832_xxaa_nrf_drv_twi.c.o
 .text.nrf_twim_rxd_amount_get
                0x0002120e       0x1a _build/nrf52832_xxaa_nrf_drv_twi.c.o
 .text.nrf_twim_tx_list_enable
                0x00021228       0x1c _build/nrf52832_xxaa_nrf_drv_twi.c.o
 .text.nrf_twim_tx_list_disable
                0x00021244       0x1c _build/nrf52832_xxaa_nrf_drv_twi.c.o
 .text.nrf_twim_rx_list_enable
                0x00021260       0x1c _build/nrf52832_xxaa_nrf_drv_twi.c.o
 .text.nrf_twim_rx_list_disable
                0x0002127c       0x1c _build/nrf52832_xxaa_nrf_drv_twi.c.o
 .text.nrf_drv_get_IRQn
                0x00021298       0x1e _build/nrf52832_xxaa_nrf_drv_twi.c.o
 .text.nrf_drv_is_in_RAM
                0x000212b6       0x26 _build/nrf52832_xxaa_nrf_drv_twi.c.o
 .text.nrf_gpio_pin_port_decode
                0x000212dc       0x18 _build/nrf52832_xxaa_nrf_drv_twi.c.o
 .text.nrf_gpio_pin_set
                0x000212f4       0x2a _build/nrf52832_xxaa_nrf_drv_twi.c.o
 .text.nrf_gpio_pin_clear
                0x0002131e       0x2a _build/nrf52832_xxaa_nrf_drv_twi.c.o
 .text.nrf_gpio_pin_read
                0x00021348       0x2c _build/nrf52832_xxaa_nrf_drv_twi.c.o
 .text.nrf_gpio_port_in_read
                0x00021374       0x1a _build/nrf52832_xxaa_nrf_drv_twi.c.o
 .text.nrf_gpio_port_out_set
                0x0002138e       0x1e _build/nrf52832_xxaa_nrf_drv_twi.c.o
 .text.nrf_gpio_port_out_clear
                0x000213ac       0x1e _build/nrf52832_xxaa_nrf_drv_twi.c.o
 *fill*         0x000213ca        0x2 
 .text.nrf_delay_us
                0x000213cc       0xa8 _build/nrf52832_xxaa_nrf_drv_twi.c.o
 .text.twi_process_error
                0x00021474       0x4a _build/nrf52832_xxaa_nrf_drv_twi.c.o
 .text.twi_clear_bus
                0x000214be       0xe0 _build/nrf52832_xxaa_nrf_drv_twi.c.o
 *fill*         0x0002159e        0x2 
 .text.nrf_drv_twi_init
                0x000215a0       0xf4 _build/nrf52832_xxaa_nrf_drv_twi.c.o
                0x000215a0                nrf_drv_twi_init
 .text.nrf_drv_twi_enable
                0x00021694       0x3c _build/nrf52832_xxaa_nrf_drv_twi.c.o
                0x00021694                nrf_drv_twi_enable
 .text.twim_list_enable_handle
                0x000216d0       0x42 _build/nrf52832_xxaa_nrf_drv_twi.c.o
 *fill*         0x00021712        0x2 
 .text.twim_xfer
                0x00021714      0x32c _build/nrf52832_xxaa_nrf_drv_twi.c.o
 .text.nrf_drv_twi_xfer
                0x00021a40       0x44 _build/nrf52832_xxaa_nrf_drv_twi.c.o
                0x00021a40                nrf_drv_twi_xfer
 .text.nrf_drv_twi_tx
                0x00021a84       0x50 _build/nrf52832_xxaa_nrf_drv_twi.c.o
                0x00021a84                nrf_drv_twi_tx
 .text.nrf_drv_twi_rx
                0x00021ad4       0x48 _build/nrf52832_xxaa_nrf_drv_twi.c.o
                0x00021ad4                nrf_drv_twi_rx
 .text.irq_handler_twim
                0x00021b1c      0x202 _build/nrf52832_xxaa_nrf_drv_twi.c.o
 *fill*         0x00021d1e        0x2 
 .text.SPIM0_SPIS0_TWIM0_TWIS0_SPI0_TWI0_IRQHandler
                0x00021d20       0x18 _build/nrf52832_xxaa_nrf_drv_twi.c.o
                0x00021d20                SPIM0_SPIS0_TWIM0_TWIS0_SPI0_TWI0_IRQHandler
 .text.nrf_uart_event_clear
                0x00021d38       0x2e _build/nrf52832_xxaa_nrf_drv_uart.c.o
 .text.nrf_uart_event_check
                0x00021d66       0x2a _build/nrf52832_xxaa_nrf_drv_uart.c.o
 .text.nrf_uart_int_enable_check
                0x00021d90       0x2a _build/nrf52832_xxaa_nrf_drv_uart.c.o
 .text.nrf_uart_int_disable
                0x00021dba       0x1e _build/nrf52832_xxaa_nrf_drv_uart.c.o
 .text.nrf_uart_errorsrc_get_and_clear
                0x00021dd8       0x26 _build/nrf52832_xxaa_nrf_drv_uart.c.o
 .text.nrf_uart_rxd_get
                0x00021dfe       0x1c _build/nrf52832_xxaa_nrf_drv_uart.c.o
 .text.nrf_uart_txd_set
                0x00021e1a       0x20 _build/nrf52832_xxaa_nrf_drv_uart.c.o
 .text.nrf_uart_task_trigger
                0x00021e3a       0x22 _build/nrf52832_xxaa_nrf_drv_uart.c.o
 .text.nrf_uarte_event_clear
                0x00021e5c       0x2e _build/nrf52832_xxaa_nrf_drv_uart.c.o
 .text.nrf_uarte_event_check
                0x00021e8a       0x2a _build/nrf52832_xxaa_nrf_drv_uart.c.o
 .text.nrf_uarte_shorts_disable
                0x00021eb4       0x28 _build/nrf52832_xxaa_nrf_drv_uart.c.o
 .text.nrf_uarte_errorsrc_get_and_clear
                0x00021edc       0x26 _build/nrf52832_xxaa_nrf_drv_uart.c.o
 .text.nrf_uarte_tx_amount_get
                0x00021f02       0x1a _build/nrf52832_xxaa_nrf_drv_uart.c.o
 .text.nrf_uarte_rx_amount_get
                0x00021f1c       0x1a _build/nrf52832_xxaa_nrf_drv_uart.c.o
 .text.tx_byte  0x00021f36       0x44 _build/nrf52832_xxaa_nrf_drv_uart.c.o
 .text.rx_byte  0x00021f7a       0x58 _build/nrf52832_xxaa_nrf_drv_uart.c.o
 .text.rx_done_event
                0x00021fd2       0x32 _build/nrf52832_xxaa_nrf_drv_uart.c.o
 .text.tx_done_event
                0x00022004       0x38 _build/nrf52832_xxaa_nrf_drv_uart.c.o
 .text.uart_irq_handler
                0x0002203c      0x1d0 _build/nrf52832_xxaa_nrf_drv_uart.c.o
 .text.uarte_irq_handler
                0x0002220c      0x158 _build/nrf52832_xxaa_nrf_drv_uart.c.o
 .text.UARTE0_UART0_IRQHandler
                0x00022364       0x2c _build/nrf52832_xxaa_nrf_drv_uart.c.o
                0x00022364                UARTE0_UART0_IRQHandler
 .text.nrf_gpio_pin_port_decode
                0x00022390       0x18 _build/nrf52832_xxaa_bsp.c.o
 .text.nrf_gpio_cfg_sense_set
                0x000223a8       0x58 _build/nrf52832_xxaa_bsp.c.o
 .text.bsp_led_indication
                0x00022400      0x3a8 _build/nrf52832_xxaa_bsp.c.o
 .text.bsp_indication_set
                0x000227a8       0x34 _build/nrf52832_xxaa_bsp.c.o
                0x000227a8                bsp_indication_set
 .text.bsp_event_to_button_action_assign
                0x000227dc       0x9c _build/nrf52832_xxaa_bsp.c.o
                0x000227dc                bsp_event_to_button_action_assign
 .text.bsp_wakeup_button_enable
                0x00022878       0x22 _build/nrf52832_xxaa_bsp.c.o
                0x00022878                bsp_wakeup_button_enable
 .text.connection_buttons_configure
                0x0002289a       0x64 _build/nrf52832_xxaa_bsp_btn_ble.c.o
 .text.advertising_buttons_configure
                0x000228fe       0x64 _build/nrf52832_xxaa_bsp_btn_ble.c.o
 .text.bsp_btn_ble_sleep_mode_prepare
                0x00022962       0x40 _build/nrf52832_xxaa_bsp_btn_ble.c.o
                0x00022962                bsp_btn_ble_sleep_mode_prepare
 *fill*         0x000229a2        0x2 
 .text.bsp_btn_ble_on_ble_evt
                0x000229a4       0x88 _build/nrf52832_xxaa_bsp_btn_ble.c.o
                0x000229a4                bsp_btn_ble_on_ble_evt
 .text.sd_ble_gap_disconnect
                0x00022a2c        0x8 _build/nrf52832_xxaa_main.c.o
 .text.sd_ble_gap_ppcp_set
                0x00022a34        0x8 _build/nrf52832_xxaa_main.c.o
 .text.sd_ble_gap_device_name_set
                0x00022a3c        0x8 _build/nrf52832_xxaa_main.c.o
 .text.sd_ble_gap_sec_params_reply
                0x00022a44        0x8 _build/nrf52832_xxaa_main.c.o
 .text.sd_ble_gatts_rw_authorize_reply
                0x00022a4c        0x8 _build/nrf52832_xxaa_main.c.o
 .text.sd_ble_gatts_sys_attr_set
                0x00022a54        0x8 _build/nrf52832_xxaa_main.c.o
 .text.sd_ble_gatts_exchange_mtu_reply
                0x00022a5c        0x8 _build/nrf52832_xxaa_main.c.o
 .text.sd_ble_user_mem_reply
                0x00022a64        0x8 _build/nrf52832_xxaa_main.c.o
 .text.sd_power_system_off
                0x00022a6c        0x8 _build/nrf52832_xxaa_main.c.o
 .text.sd_app_evt_wait
                0x00022a74        0x8 _build/nrf52832_xxaa_main.c.o
 .text.calculate
                0x00022a7c      0x1b0 _build/nrf52832_xxaa_main.c.o
                0x00022a7c                calculate
 .text.timer_timeout_sensor_handler
                0x00022c2c       0x30 _build/nrf52832_xxaa_main.c.o
 .text.timers_init
                0x00022c5c       0x44 _build/nrf52832_xxaa_main.c.o
 .text.application_timers_start
                0x00022ca0       0x1c _build/nrf52832_xxaa_main.c.o
 .text.gap_params_init
                0x00022cbc       0x84 _build/nrf52832_xxaa_main.c.o
 .text.services_init
                0x00022d40       0x14 _build/nrf52832_xxaa_main.c.o
 .text.on_conn_params_evt
                0x00022d54       0x3c _build/nrf52832_xxaa_main.c.o
 .text.conn_params_error_handler
                0x00022d90       0x16 _build/nrf52832_xxaa_main.c.o
 *fill*         0x00022da6        0x2 
 .text.conn_params_init
                0x00022da8       0x60 _build/nrf52832_xxaa_main.c.o
 .text.sleep_mode_enter
                0x00022e08       0x52 _build/nrf52832_xxaa_main.c.o
 .text.on_adv_evt
                0x00022e5a       0x40 _build/nrf52832_xxaa_main.c.o
 *fill*         0x00022e9a        0x2 
 .text.on_ble_evt
                0x00022e9c      0x310 _build/nrf52832_xxaa_main.c.o
 .text.ble_evt_dispatch
                0x000231ac       0x34 _build/nrf52832_xxaa_main.c.o
 .text.ble_stack_init
                0x000231e0       0x98 _build/nrf52832_xxaa_main.c.o
 .text.advertising_init
                0x00023278       0x98 _build/nrf52832_xxaa_main.c.o
 .text.power_manage
                0x00023310       0x24 _build/nrf52832_xxaa_main.c.o
 .text.twi_init
                0x00023334       0x54 _build/nrf52832_xxaa_main.c.o
                0x00023334                twi_init
 .text.read_register
                0x00023388       0x66 _build/nrf52832_xxaa_main.c.o
                0x00023388                read_register
 *fill*         0x000233ee        0x2 
 .text.main     0x000233f0       0x70 _build/nrf52832_xxaa_main.c.o
                0x000233f0                main
 .text.sd_ble_gatts_service_add
                0x00023460        0x8 _build/nrf52832_xxaa_bluey_service.c.o
 .text.sd_ble_gatts_characteristic_add
                0x00023468        0x8 _build/nrf52832_xxaa_bluey_service.c.o
 .text.sd_ble_gatts_hvx
                0x00023470        0x8 _build/nrf52832_xxaa_bluey_service.c.o
 .text.sd_ble_uuid_vs_add
                0x00023478        0x8 _build/nrf52832_xxaa_bluey_service.c.o
 .text.ble_our_service_on_ble_evt
                0x00023480       0x38 _build/nrf52832_xxaa_bluey_service.c.o
                0x00023480                ble_our_service_on_ble_evt
 .text.imu_char_add
                0x000234b8      0x18c _build/nrf52832_xxaa_bluey_service.c.o
 .text.temp_humid_char_add
                0x00023644      0x184 _build/nrf52832_xxaa_bluey_service.c.o
 .text.our_service_init
                0x000237c8       0x84 _build/nrf52832_xxaa_bluey_service.c.o
                0x000237c8                our_service_init
 .text.characteristic_imu_update
                0x0002384c       0x58 _build/nrf52832_xxaa_bluey_service.c.o
                0x0002384c                characteristic_imu_update
 .text.LSM6DS3_init
                0x000238a4       0xdc _build/nrf52832_xxaa_LSM6DS3.c.o
                0x000238a4                LSM6DS3_init
 .text.LSM6DS3_config
                0x00023980      0x2b8 _build/nrf52832_xxaa_LSM6DS3.c.o
                0x00023980                LSM6DS3_config
 .text.LSM6DS3_set_accel_power_down_mode
                0x00023c38       0x7c _build/nrf52832_xxaa_LSM6DS3.c.o
                0x00023c38                LSM6DS3_set_accel_power_down_mode
 .text.LSM6DS3_set_accel_high_performance_mode
                0x00023cb4      0x114 _build/nrf52832_xxaa_LSM6DS3.c.o
                0x00023cb4                LSM6DS3_set_accel_high_performance_mode
 .text.LSM6DS3_read_accl_data
                0x00023dc8       0xb8 _build/nrf52832_xxaa_LSM6DS3.c.o
                0x00023dc8                LSM6DS3_read_accl_data
 .text.sd_ble_gap_addr_get
                0x00023e80        0x8 _build/nrf52832_xxaa_ble_advdata.c.o
 .text.sd_ble_gap_adv_data_set
                0x00023e88        0x8 _build/nrf52832_xxaa_ble_advdata.c.o
 .text.sd_ble_gap_appearance_get
                0x00023e90        0x8 _build/nrf52832_xxaa_ble_advdata.c.o
 .text.sd_ble_gap_device_name_get
                0x00023e98        0x8 _build/nrf52832_xxaa_ble_advdata.c.o
 .text.sd_ble_uuid_encode
                0x00023ea0        0x8 _build/nrf52832_xxaa_ble_advdata.c.o
 .text.uint16_encode
                0x00023ea8       0x30 _build/nrf52832_xxaa_ble_advdata.c.o
 .text.ble_device_addr_encode
                0x00023ed8       0xce _build/nrf52832_xxaa_ble_advdata.c.o
 .text.name_encode
                0x00023fa6      0x11a _build/nrf52832_xxaa_ble_advdata.c.o
 .text.appearance_encode
                0x000240c0       0x98 _build/nrf52832_xxaa_ble_advdata.c.o
 .text.flags_encode
                0x00024158       0x80 _build/nrf52832_xxaa_ble_advdata.c.o
 .text.tx_power_level_encode
                0x000241d8       0x80 _build/nrf52832_xxaa_ble_advdata.c.o
 .text.uuid_list_sized_encode
                0x00024258      0x138 _build/nrf52832_xxaa_ble_advdata.c.o
 .text.uuid_list_encode
                0x00024390       0x5c _build/nrf52832_xxaa_ble_advdata.c.o
 .text.conn_int_check
                0x000243ec       0x82 _build/nrf52832_xxaa_ble_advdata.c.o
 .text.conn_int_encode
                0x0002446e       0xbe _build/nrf52832_xxaa_ble_advdata.c.o
 .text.manuf_specific_data_encode
                0x0002452c       0xde _build/nrf52832_xxaa_ble_advdata.c.o
 .text.service_data_encode
                0x0002460a       0xfe _build/nrf52832_xxaa_ble_advdata.c.o
 .text.adv_data_encode
                0x00024708      0x1bc _build/nrf52832_xxaa_ble_advdata.c.o
                0x00024708                adv_data_encode
 .text.advdata_check
                0x000248c4       0x26 _build/nrf52832_xxaa_ble_advdata.c.o
 .text.srdata_check
                0x000248ea       0x22 _build/nrf52832_xxaa_ble_advdata.c.o
 .text.ble_advdata_set
                0x0002490c       0xc0 _build/nrf52832_xxaa_ble_advdata.c.o
                0x0002490c                ble_advdata_set
 .text.sd_ble_gap_adv_start
                0x000249cc        0x8 _build/nrf52832_xxaa_ble_advertising.c.o
 .text.whitelist_has_entries
                0x000249d4       0x18 _build/nrf52832_xxaa_ble_advertising.c.o
 .text.addr_is_valid
                0x000249ec       0x38 _build/nrf52832_xxaa_ble_advertising.c.o
 .text.adv_mode_next_get
                0x00024a24       0x34 _build/nrf52832_xxaa_ble_advertising.c.o
 .text.on_connected
                0x00024a58       0x28 _build/nrf52832_xxaa_ble_advertising.c.o
 .text.on_disconnected
                0x00024a80       0x4c _build/nrf52832_xxaa_ble_advertising.c.o
 .text.on_timeout
                0x00024acc       0x4c _build/nrf52832_xxaa_ble_advertising.c.o
 .text.flash_access_in_progress
                0x00024b18       0x22 _build/nrf52832_xxaa_ble_advertising.c.o
 *fill*         0x00024b3a        0x2 
 .text.adv_mode_next_avail_get
                0x00024b3c       0x84 _build/nrf52832_xxaa_ble_advertising.c.o
 .text.set_adv_mode_directed
                0x00024bc0       0x3c _build/nrf52832_xxaa_ble_advertising.c.o
 .text.set_adv_mode_directed_slow
                0x00024bfc       0x48 _build/nrf52832_xxaa_ble_advertising.c.o
 .text.set_adv_mode_fast
                0x00024c44       0x84 _build/nrf52832_xxaa_ble_advertising.c.o
 .text.set_adv_mode_slow
                0x00024cc8       0x84 _build/nrf52832_xxaa_ble_advertising.c.o
 .text.ble_advertising_init
                0x00024d4c      0x200 _build/nrf52832_xxaa_ble_advertising.c.o
                0x00024d4c                ble_advertising_init
 .text.ble_advertising_start
                0x00024f4c      0x1cc _build/nrf52832_xxaa_ble_advertising.c.o
                0x00024f4c                ble_advertising_start
 .text.ble_advertising_on_ble_evt
                0x00025118       0x3a _build/nrf52832_xxaa_ble_advertising.c.o
                0x00025118                ble_advertising_on_ble_evt
 .text.sd_ble_gap_conn_param_update
                0x00025152        0x8 _build/nrf52832_xxaa_ble_conn_params.c.o
 .text.sd_ble_gap_disconnect
                0x0002515a        0x8 _build/nrf52832_xxaa_ble_conn_params.c.o
 .text.sd_ble_gap_ppcp_set
                0x00025162        0x8 _build/nrf52832_xxaa_ble_conn_params.c.o
 .text.sd_ble_gap_ppcp_get
                0x0002516a        0x8 _build/nrf52832_xxaa_ble_conn_params.c.o
 *fill*         0x00025172        0x2 
 .text.is_conn_params_ok
                0x00025174       0x38 _build/nrf52832_xxaa_ble_conn_params.c.o
 .text.update_timeout_handler
                0x000251ac       0xb4 _build/nrf52832_xxaa_ble_conn_params.c.o
 .text.ble_conn_params_init
                0x00025260       0x98 _build/nrf52832_xxaa_ble_conn_params.c.o
                0x00025260                ble_conn_params_init
 .text.conn_params_negotiation
                0x000252f8       0xac _build/nrf52832_xxaa_ble_conn_params.c.o
 .text.on_connect
                0x000253a4       0x48 _build/nrf52832_xxaa_ble_conn_params.c.o
 .text.on_disconnect
                0x000253ec       0x50 _build/nrf52832_xxaa_ble_conn_params.c.o
 .text.on_write
                0x0002543c       0x68 _build/nrf52832_xxaa_ble_conn_params.c.o
 .text.on_conn_params_update
                0x000254a4       0x28 _build/nrf52832_xxaa_ble_conn_params.c.o
 .text.ble_conn_params_on_ble_evt
                0x000254cc       0x4c _build/nrf52832_xxaa_ble_conn_params.c.o
                0x000254cc                ble_conn_params_on_ble_evt
 .text.uint16_decode
                0x00025518       0x2a _build/nrf52832_xxaa_ble_srv_common.c.o
 .text.ble_srv_is_notification_enabled
                0x00025542       0x2a _build/nrf52832_xxaa_ble_srv_common.c.o
                0x00025542                ble_srv_is_notification_enabled
 .text          0x0002556c       0x3c _build/nrf52832_xxaa_gcc_startup_nrf52.S.o
                0x0002556c                Reset_Handler
                0x00025594                NMI_Handler
                0x00025596                HardFault_Handler
                0x00025598                MemoryManagement_Handler
                0x0002559a                BusFault_Handler
                0x0002559c                UsageFault_Handler
                0x0002559e                SVC_Handler
                0x000255a0                DebugMon_Handler
                0x000255a2                PendSV_Handler
                0x000255a4                SysTick_Handler
                0x000255a6                TEMP_IRQHandler
                0x000255a6                QDEC_IRQHandler
                0x000255a6                TIMER3_IRQHandler
                0x000255a6                FPU_IRQHandler
                0x000255a6                PDM_IRQHandler
                0x000255a6                TIMER4_IRQHandler
                0x000255a6                I2S_IRQHandler
                0x000255a6                SWI4_EGU4_IRQHandler
                0x000255a6                TIMER0_IRQHandler
                0x000255a6                RADIO_IRQHandler
                0x000255a6                TIMER1_IRQHandler
                0x000255a6                RTC0_IRQHandler
                0x000255a6                ECB_IRQHandler
                0x000255a6                SPIM1_SPIS1_TWIM1_TWIS1_SPI1_TWI1_IRQHandler
                0x000255a6                Default_Handler
                0x000255a6                SAADC_IRQHandler
                0x000255a6                CCM_AAR_IRQHandler
                0x000255a6                WDT_IRQHandler
                0x000255a6                PWM1_IRQHandler
                0x000255a6                SWI5_EGU5_IRQHandler
                0x000255a6                RNG_IRQHandler
                0x000255a6                RTC2_IRQHandler
                0x000255a6                PWM0_IRQHandler
                0x000255a6                SWI3_EGU3_IRQHandler
                0x000255a6                SWI1_EGU1_IRQHandler
                0x000255a6                SPIM2_SPIS2_SPI2_IRQHandler
                0x000255a6                NFCT_IRQHandler
                0x000255a6                PWM2_IRQHandler
                0x000255a6                MWU_IRQHandler
                0x000255a6                TIMER2_IRQHandler
                0x000255a6                COMP_LPCOMP_IRQHandler
 .text.NVIC_SystemReset
                0x000255a8       0x28 _build/nrf52832_xxaa_system_nrf52.c.o
 .text.SystemCoreClockUpdate
                0x000255d0       0x1c _build/nrf52832_xxaa_system_nrf52.c.o
                0x000255d0                SystemCoreClockUpdate
 .text.SystemInit
                0x000255ec      0x278 _build/nrf52832_xxaa_system_nrf52.c.o
                0x000255ec                SystemInit
 .text.errata_16
                0x00025864       0x44 _build/nrf52832_xxaa_system_nrf52.c.o
 .text.errata_31
                0x000258a8       0x64 _build/nrf52832_xxaa_system_nrf52.c.o
 .text.errata_32
                0x0002590c       0x44 _build/nrf52832_xxaa_system_nrf52.c.o
 .text.errata_36
                0x00025950       0x64 _build/nrf52832_xxaa_system_nrf52.c.o
 .text.errata_37
                0x000259b4       0x44 _build/nrf52832_xxaa_system_nrf52.c.o
 .text.errata_57
                0x000259f8       0x44 _build/nrf52832_xxaa_system_nrf52.c.o
 .text.errata_66
                0x00025a3c       0x44 _build/nrf52832_xxaa_system_nrf52.c.o
 .text.errata_108
                0x00025a80       0x64 _build/nrf52832_xxaa_system_nrf52.c.o
 .text.NVIC_EnableIRQ
                0x00025ae4       0x34 _build/nrf52832_xxaa_softdevice_handler.c.o
 .text.NVIC_DisableIRQ
                0x00025b18       0x34 _build/nrf52832_xxaa_softdevice_handler.c.o
 .text.NVIC_GetPriority
                0x00025b4c       0x50 _build/nrf52832_xxaa_softdevice_handler.c.o
 .text.sd_evt_get
                0x00025b9c        0x8 _build/nrf52832_xxaa_softdevice_handler.c.o
 .text.sd_softdevice_enable
                0x00025ba4        0x8 _build/nrf52832_xxaa_softdevice_handler.c.o
 .text.is_word_aligned
                0x00025bac       0x24 _build/nrf52832_xxaa_softdevice_handler.c.o
 .text.sd_ble_enable
                0x00025bd0        0x8 _build/nrf52832_xxaa_softdevice_handler.c.o
 .text.sd_ble_evt_get
                0x00025bd8        0x8 _build/nrf52832_xxaa_softdevice_handler.c.o
 .text.__sd_nvic_app_accessible_irq
                0x00025be0       0x60 _build/nrf52832_xxaa_softdevice_handler.c.o
 .text.__sd_nvic_is_app_accessible_priority
                0x00025c40       0x3c _build/nrf52832_xxaa_softdevice_handler.c.o
 .text.sd_nvic_EnableIRQ
                0x00025c7c       0x88 _build/nrf52832_xxaa_softdevice_handler.c.o
 .text.nrf_drv_common_irq_enable_check
                0x00025d04       0x40 _build/nrf52832_xxaa_softdevice_handler.c.o
 .text.softdevice_fault_handler
                0x00025d44       0x1e _build/nrf52832_xxaa_softdevice_handler.c.o
                0x00025d44                softdevice_fault_handler
 *fill*         0x00025d62        0x2 
 .text.intern_softdevice_events_execute
                0x00025d64      0x108 _build/nrf52832_xxaa_softdevice_handler.c.o
                0x00025d64                intern_softdevice_events_execute
 .text.softdevice_handler_is_enabled
                0x00025e6c       0x18 _build/nrf52832_xxaa_softdevice_handler.c.o
                0x00025e6c                softdevice_handler_is_enabled
 .text.softdevice_handler_init
                0x00025e84       0xa8 _build/nrf52832_xxaa_softdevice_handler.c.o
                0x00025e84                softdevice_handler_init
 .text.softdevice_ble_evt_handler_set
                0x00025f2c       0x2c _build/nrf52832_xxaa_softdevice_handler.c.o
                0x00025f2c                softdevice_ble_evt_handler_set
 .text.SWI2_EGU2_IRQHandler
                0x00025f58       0x38 _build/nrf52832_xxaa_softdevice_handler.c.o
                0x00025f58                SWI2_EGU2_IRQHandler
 .text.softdevice_enable_get_default_config
                0x00025f90       0x54 _build/nrf52832_xxaa_softdevice_handler.c.o
                0x00025f90                softdevice_enable_get_default_config
 .text.softdevice_enable
                0x00025fe4       0x30 _build/nrf52832_xxaa_softdevice_handler.c.o
                0x00025fe4                softdevice_enable
 .text.memcpy   0x00026014       0x16 c:/program files (x86)/gnu tools arm embedded/6.2 2016q4/bin/../lib/gcc/arm-none-eabi/6.2.1/../../../../arm-none-eabi/lib/thumb/v7e-m/fpv4-sp/hard\libc_nano.a(lib_a-memcpy-stub.o)
                0x00026014                memcpy
 .text          0x0002602a       0x10 c:/program files (x86)/gnu tools arm embedded/6.2 2016q4/bin/../lib/gcc/arm-none-eabi/6.2.1/../../../../arm-none-eabi/lib/thumb/v7e-m/fpv4-sp/hard\libc_nano.a(lib_a-strlen.o)
                0x0002602a                strlen
 *(.init)
 *fill*         0x0002603a        0x2 
 .init          0x0002603c        0x4 c:/program files (x86)/gnu tools arm embedded/6.2 2016q4/bin/../lib/gcc/arm-none-eabi/6.2.1/thumb/v7e-m/fpv4-sp/hard/crti.o
                0x0002603c                _init
 .init          0x00026040        0x8 c:/program files (x86)/gnu tools arm embedded/6.2 2016q4/bin/../lib/gcc/arm-none-eabi/6.2.1/thumb/v7e-m/fpv4-sp/hard/crtn.o
 *(.fini)
 .fini          0x00026048        0x4 c:/program files (x86)/gnu tools arm embedded/6.2 2016q4/bin/../lib/gcc/arm-none-eabi/6.2.1/thumb/v7e-m/fpv4-sp/hard/crti.o
                0x00026048                _fini
 .fini          0x0002604c        0x8 c:/program files (x86)/gnu tools arm embedded/6.2 2016q4/bin/../lib/gcc/arm-none-eabi/6.2.1/thumb/v7e-m/fpv4-sp/hard/crtn.o
 *crtbegin.o(.ctors)
 *crtbegin?.o(.ctors)
 *(EXCLUDE_FILE(*crtend.o *crtend?.o) .ctors)
 *(SORT(.ctors.*))
 *(.ctors)
 *crtbegin.o(.dtors)
 *crtbegin?.o(.dtors)
 *(EXCLUDE_FILE(*crtend.o *crtend?.o) .dtors)
 *(SORT(.dtors.*))
 *(.dtors)
 *(.rodata*)
 .rodata._global_impure_ptr
                0x00026054        0x4 c:/program files (x86)/gnu tools arm embedded/6.2 2016q4/bin/../lib/gcc/arm-none-eabi/6.2.1/../../../../arm-none-eabi/lib/thumb/v7e-m/fpv4-sp/hard\libc_nano.a(lib_a-impure.o)
                0x00026054                _global_impure_ptr
 .rodata.m_board_led_list
                0x00026058        0x4 _build/nrf52832_xxaa_boards.c.o
 .rodata.m_board_btn_list
                0x0002605c        0x4 _build/nrf52832_xxaa_boards.c.o
 .rodata.m_our_sensor_timer_id
                0x00026060        0x4 _build/nrf52832_xxaa_main.c.o
 .rodata        0x00026064        0xc _build/nrf52832_xxaa_main.c.o
 .rodata.p_twi_sensors
                0x00026070        0x8 _build/nrf52832_xxaa_main.c.o
                0x00026070                p_twi_sensors
 .rodata        0x00026078       0x10 _build/nrf52832_xxaa_bluey_service.c.o
 .rodata        0x00026088        0x2 _build/nrf52832_xxaa_LSM6DS3.c.o
 *fill*         0x0002608a        0x2 
 .rodata.m_conn_params_timer_id
                0x0002608c        0x4 _build/nrf52832_xxaa_ble_conn_params.c.o
 *(.eh_frame*)
 .eh_frame      0x00026090        0x0 c:/program files (x86)/gnu tools arm embedded/6.2 2016q4/bin/../lib/gcc/arm-none-eabi/6.2.1/thumb/v7e-m/fpv4-sp/hard/crtbegin.o
 .eh_frame      0x00026090        0x4 c:/program files (x86)/gnu tools arm embedded/6.2 2016q4/bin/../lib/gcc/arm-none-eabi/6.2.1/thumb/v7e-m/fpv4-sp/hard/crtend.o

.glue_7         0x00026094        0x0
 .glue_7        0x00026094        0x0 linker stubs

.glue_7t        0x00026094        0x0
 .glue_7t       0x00026094        0x0 linker stubs

.vfp11_veneer   0x00026094        0x0
 .vfp11_veneer  0x00026094        0x0 linker stubs

.v4_bx          0x00026094        0x0
 .v4_bx         0x00026094        0x0 linker stubs

.iplt           0x00026094        0x0
 .iplt          0x00026094        0x0 c:/program files (x86)/gnu tools arm embedded/6.2 2016q4/bin/../lib/gcc/arm-none-eabi/6.2.1/thumb/v7e-m/fpv4-sp/hard/crtbegin.o

.ARM.extab
 *(.ARM.extab* .gnu.linkonce.armextab.*)
                0x00026094                __exidx_start = .

.ARM.exidx      0x00026094        0x8
 *(.ARM.exidx* .gnu.linkonce.armexidx.*)
 .ARM.exidx     0x00026094        0x8 c:/program files (x86)/gnu tools arm embedded/6.2 2016q4/bin/../lib/gcc/arm-none-eabi/6.2.1/../../../../arm-none-eabi/lib/thumb/v7e-m/fpv4-sp/hard/crt0.o
                0x0002609c                __exidx_end = .
                0x0002609c                __etext = .

.rel.dyn        0x0002609c        0x0
 .rel.iplt      0x0002609c        0x0 c:/program files (x86)/gnu tools arm embedded/6.2 2016q4/bin/../lib/gcc/arm-none-eabi/6.2.1/thumb/v7e-m/fpv4-sp/hard/crtbegin.o

.data           0x20002128       0x78 load address 0x0002609c
                0x20002128                __data_start__ = .
 *(vtable)
 *(.data*)
 .data.impure_data
                0x20002128       0x60 c:/program files (x86)/gnu tools arm embedded/6.2 2016q4/bin/../lib/gcc/arm-none-eabi/6.2.1/../../../../arm-none-eabi/lib/thumb/v7e-m/fpv4-sp/hard\libc_nano.a(lib_a-impure.o)
 .data.m_conn_handle
                0x20002188        0x2 _build/nrf52832_xxaa_main.c.o
 *fill*         0x2000218a        0x2 
 .data.m_adv_uuids
                0x2000218c        0x4 _build/nrf52832_xxaa_main.c.o
 .data.SystemCoreClock
                0x20002190        0x4 _build/nrf52832_xxaa_system_nrf52.c.o
                0x20002190                SystemCoreClock
                0x20002194                . = ALIGN (0x4)
                0x20002194                PROVIDE (__preinit_array_start, .)
 *(.preinit_array)
                0x20002194                PROVIDE (__preinit_array_end, .)
                0x20002194                . = ALIGN (0x4)
                0x20002194                PROVIDE (__init_array_start, .)
 *(SORT(.init_array.*))
 *(.init_array)
 .init_array    0x20002194        0x4 c:/program files (x86)/gnu tools arm embedded/6.2 2016q4/bin/../lib/gcc/arm-none-eabi/6.2.1/thumb/v7e-m/fpv4-sp/hard/crtbegin.o
                0x20002198                PROVIDE (__init_array_end, .)
                0x20002198                . = ALIGN (0x4)
                [!provide]                PROVIDE (__fini_array_start, .)
 *(SORT(.fini_array.*))
 *(.fini_array)
 .fini_array    0x20002198        0x4 c:/program files (x86)/gnu tools arm embedded/6.2 2016q4/bin/../lib/gcc/arm-none-eabi/6.2.1/thumb/v7e-m/fpv4-sp/hard/crtbegin.o
                [!provide]                PROVIDE (__fini_array_end, .)
 *(.jcr*)
 .jcr           0x2000219c        0x0 c:/program files (x86)/gnu tools arm embedded/6.2 2016q4/bin/../lib/gcc/arm-none-eabi/6.2.1/thumb/v7e-m/fpv4-sp/hard/crtbegin.o
 .jcr           0x2000219c        0x4 c:/program files (x86)/gnu tools arm embedded/6.2 2016q4/bin/../lib/gcc/arm-none-eabi/6.2.1/thumb/v7e-m/fpv4-sp/hard/crtend.o
                0x200021a0                . = ALIGN (0x4)
                0x200021a0                __data_end__ = .
LOAD c:/program files (x86)/gnu tools arm embedded/6.2 2016q4/bin/../lib/gcc/arm-none-eabi/6.2.1/thumb/v7e-m/fpv4-sp/hard/crti.o
LOAD c:/program files (x86)/gnu tools arm embedded/6.2 2016q4/bin/../lib/gcc/arm-none-eabi/6.2.1/thumb/v7e-m/fpv4-sp/hard/crtbegin.o
LOAD c:/program files (x86)/gnu tools arm embedded/6.2 2016q4/bin/../lib/gcc/arm-none-eabi/6.2.1/../../../../arm-none-eabi/lib/thumb/v7e-m/fpv4-sp/hard/crt0.o
LOAD c:/program files (x86)/gnu tools arm embedded/6.2 2016q4/bin/../lib/gcc/arm-none-eabi/6.2.1/../../../../arm-none-eabi/lib/thumb/v7e-m/fpv4-sp/hard\libc_nano.a
LOAD c:/program files (x86)/gnu tools arm embedded/6.2 2016q4/bin/../lib/gcc/arm-none-eabi/6.2.1/../../../../arm-none-eabi/lib/thumb/v7e-m/fpv4-sp/hard\libnosys.a
LOAD _build/nrf52832_xxaa_nrf_log_backend_serial.c.o
LOAD _build/nrf52832_xxaa_nrf_log_frontend.c.o
LOAD _build/nrf52832_xxaa_app_button.c.o
LOAD _build/nrf52832_xxaa_app_error.c.o
LOAD _build/nrf52832_xxaa_app_error_weak.c.o
LOAD _build/nrf52832_xxaa_app_fifo.c.o
LOAD _build/nrf52832_xxaa_app_timer.c.o
LOAD _build/nrf52832_xxaa_app_uart_fifo.c.o
LOAD _build/nrf52832_xxaa_app_util_platform.c.o
LOAD _build/nrf52832_xxaa_fstorage.c.o
LOAD _build/nrf52832_xxaa_hardfault_implementation.c.o
LOAD _build/nrf52832_xxaa_nrf_assert.c.o
LOAD _build/nrf52832_xxaa_retarget.c.o
LOAD _build/nrf52832_xxaa_sdk_errors.c.o
LOAD _build/nrf52832_xxaa_boards.c.o
LOAD _build/nrf52832_xxaa_nrf_drv_clock.c.o
LOAD _build/nrf52832_xxaa_nrf_drv_common.c.o
LOAD _build/nrf52832_xxaa_nrf_drv_gpiote.c.o
LOAD _build/nrf52832_xxaa_nrf_drv_twi.c.o
LOAD _build/nrf52832_xxaa_nrf_drv_uart.c.o
LOAD _build/nrf52832_xxaa_bsp.c.o
LOAD _build/nrf52832_xxaa_bsp_btn_ble.c.o
LOAD _build/nrf52832_xxaa_bsp_nfc.c.o
LOAD _build/nrf52832_xxaa_main.c.o
LOAD _build/nrf52832_xxaa_bluey_service.c.o
LOAD _build/nrf52832_xxaa_HDC1010.c.o
LOAD _build/nrf52832_xxaa_LSM6DS3.c.o
LOAD _build/nrf52832_xxaa_APDS9301.c.o
LOAD _build/nrf52832_xxaa_RTT_Syscalls_GCC.c.o
LOAD _build/nrf52832_xxaa_SEGGER_RTT.c.o
LOAD _build/nrf52832_xxaa_SEGGER_RTT_printf.c.o
LOAD _build/nrf52832_xxaa_ble_advdata.c.o
LOAD _build/nrf52832_xxaa_ble_advertising.c.o
LOAD _build/nrf52832_xxaa_ble_conn_params.c.o
LOAD _build/nrf52832_xxaa_ble_srv_common.c.o
LOAD _build/nrf52832_xxaa_gcc_startup_nrf52.S.o
LOAD _build/nrf52832_xxaa_system_nrf52.c.o
LOAD _build/nrf52832_xxaa_ble_nus.c.o
LOAD _build/nrf52832_xxaa_softdevice_handler.c.o
LOAD c:/program files (x86)/gnu tools arm embedded/6.2 2016q4/bin/../lib/gcc/arm-none-eabi/6.2.1/../../../../arm-none-eabi/lib/thumb/v7e-m/fpv4-sp/hard\libm.a
START GROUP
LOAD c:/program files (x86)/gnu tools arm embedded/6.2 2016q4/bin/../lib/gcc/arm-none-eabi/6.2.1/thumb/v7e-m/fpv4-sp/hard\libgcc.a
LOAD c:/program files (x86)/gnu tools arm embedded/6.2 2016q4/bin/../lib/gcc/arm-none-eabi/6.2.1/../../../../arm-none-eabi/lib/thumb/v7e-m/fpv4-sp/hard\libc_nano.a
END GROUP
START GROUP
LOAD c:/program files (x86)/gnu tools arm embedded/6.2 2016q4/bin/../lib/gcc/arm-none-eabi/6.2.1/thumb/v7e-m/fpv4-sp/hard\libgcc.a
LOAD c:/program files (x86)/gnu tools arm embedded/6.2 2016q4/bin/../lib/gcc/arm-none-eabi/6.2.1/../../../../arm-none-eabi/lib/thumb/v7e-m/fpv4-sp/hard\libc_nano.a
END GROUP
LOAD c:/program files (x86)/gnu tools arm embedded/6.2 2016q4/bin/../lib/gcc/arm-none-eabi/6.2.1/thumb/v7e-m/fpv4-sp/hard/crtend.o
LOAD c:/program files (x86)/gnu tools arm embedded/6.2 2016q4/bin/../lib/gcc/arm-none-eabi/6.2.1/thumb/v7e-m/fpv4-sp/hard/crtn.o
START GROUP
LOAD c:/program files (x86)/gnu tools arm embedded/6.2 2016q4/bin/../lib/gcc/arm-none-eabi/6.2.1/thumb/v7e-m/fpv4-sp/hard\libgcc.a
LOAD c:/program files (x86)/gnu tools arm embedded/6.2 2016q4/bin/../lib/gcc/arm-none-eabi/6.2.1/../../../../arm-none-eabi/lib/thumb/v7e-m/fpv4-sp/hard\libc.a
LOAD c:/program files (x86)/gnu tools arm embedded/6.2 2016q4/bin/../lib/gcc/arm-none-eabi/6.2.1/../../../../arm-none-eabi/lib/thumb/v7e-m/fpv4-sp/hard\libnosys.a
END GROUP

.igot.plt       0x200021a0        0x0 load address 0x00026114
 .igot.plt      0x200021a0        0x0 c:/program files (x86)/gnu tools arm embedded/6.2 2016q4/bin/../lib/gcc/arm-none-eabi/6.2.1/thumb/v7e-m/fpv4-sp/hard/crtbegin.o

.fs_data        0x200021a0        0x0
                0x200021a0                PROVIDE (__start_fs_data, .)
 *(.fs_data)
                0x200021a0                PROVIDE (__stop_fs_data, .)

.pwr_mgmt_data  0x200021a0        0x0
                [!provide]                PROVIDE (__start_pwr_mgmt_data, .)
 *(.pwr_mgmt_data)
                [!provide]                PROVIDE (__stop_pwr_mgmt_data, .)

.bss            0x200021a0      0x598 load address 0x00026114
                0x200021a0                . = ALIGN (0x4)
                0x200021a0                __bss_start__ = .
 *(.bss*)
 .bss           0x200021a0       0x1c c:/program files (x86)/gnu tools arm embedded/6.2 2016q4/bin/../lib/gcc/arm-none-eabi/6.2.1/thumb/v7e-m/fpv4-sp/hard/crtbegin.o
 .bss.m_op_queue
                0x200021bc        0x8 _build/nrf52832_xxaa_app_timer.c.o
 .bss.mp_timer_id_head
                0x200021c4        0x4 _build/nrf52832_xxaa_app_timer.c.o
 .bss.m_ticks_latest
                0x200021c8        0x4 _build/nrf52832_xxaa_app_timer.c.o
 .bss.m_ticks_elapsed
                0x200021cc        0x8 _build/nrf52832_xxaa_app_timer.c.o
 .bss.m_ticks_elapsed_q_read_ind
                0x200021d4        0x1 _build/nrf52832_xxaa_app_timer.c.o
 .bss.m_ticks_elapsed_q_write_ind
                0x200021d5        0x1 _build/nrf52832_xxaa_app_timer.c.o
 *fill*         0x200021d6        0x2 
 .bss.m_evt_schedule_func
                0x200021d8        0x4 _build/nrf52832_xxaa_app_timer.c.o
 .bss.m_rtc1_running
                0x200021dc        0x1 _build/nrf52832_xxaa_app_timer.c.o
 .bss.m_rtc1_reset
                0x200021dd        0x1 _build/nrf52832_xxaa_app_timer.c.o
 *fill*         0x200021de        0x2 
 .bss.m_queue   0x200021e0       0x68 _build/nrf52832_xxaa_fstorage.c.o
 .bss.m_clock_cb
                0x20002248       0x14 _build/nrf52832_xxaa_nrf_drv_clock.c.o
 .bss.m_cb      0x2000225c       0x58 _build/nrf52832_xxaa_nrf_drv_gpiote.c.o
 .bss.m_cb      0x200022b4       0x28 _build/nrf52832_xxaa_nrf_drv_twi.c.o
 .bss.m_cb      0x200022dc       0x20 _build/nrf52832_xxaa_nrf_drv_uart.c.o
 .bss.m_stable_state
                0x200022fc        0x1 _build/nrf52832_xxaa_bsp.c.o
 .bss.m_leds_clear
                0x200022fd        0x1 _build/nrf52832_xxaa_bsp.c.o
 *fill*         0x200022fe        0x2 
 .bss.m_app_ticks_per_100ms
                0x20002300        0x4 _build/nrf52832_xxaa_bsp.c.o
 .bss.m_indication_type
                0x20002304        0x4 _build/nrf52832_xxaa_bsp.c.o
 .bss.m_leds_timer_id_data
                0x20002308       0x20 _build/nrf52832_xxaa_bsp.c.o
 .bss.m_alert_timer_id_data
                0x20002328       0x20 _build/nrf52832_xxaa_bsp.c.o
 .bss.m_events_list
                0x20002348        0xc _build/nrf52832_xxaa_bsp.c.o
 .bss.m_error_handler
                0x20002354        0x4 _build/nrf52832_xxaa_bsp_btn_ble.c.o
 .bss.m_num_connections
                0x20002358        0x4 _build/nrf52832_xxaa_bsp_btn_ble.c.o
 .bss.m_our_service
                0x2000235c       0x1c _build/nrf52832_xxaa_main.c.o
 .bss.m_our_sensor_timer_id_data
                0x20002378       0x20 _build/nrf52832_xxaa_main.c.o
 .bss.flag      0x20002398        0x4 _build/nrf52832_xxaa_main.c.o
                0x20002398                flag
 .bss.flag1     0x2000239c        0x4 _build/nrf52832_xxaa_main.c.o
                0x2000239c                flag1
 .bss.count     0x200023a0        0x4 _build/nrf52832_xxaa_main.c.o
                0x200023a0                count
 .bss.paccel_Y  0x200023a4        0x4 _build/nrf52832_xxaa_main.c.o
                0x200023a4                paccel_Y
 .bss.acc_val   0x200023a8        0x4 _build/nrf52832_xxaa_main.c.o
                0x200023a8                acc_val
 .bss.APP_TIMER_BUF.11595
                0x200023ac       0x78 _build/nrf52832_xxaa_main.c.o
 .bss.BLE_EVT_BUFFER.11680
                0x20002424       0x50 _build/nrf52832_xxaa_main.c.o
 .bss.APP_TIMER_BUF.11732
                0x20002474       0x78 _build/nrf52832_xxaa_main.c.o
 .bss.settings  0x200024ec       0x1c _build/nrf52832_xxaa_LSM6DS3.c.o
 .bss.m_initialized
                0x20002508        0x1 _build/nrf52832_xxaa_ble_advertising.c.o
 .bss.m_advertising_start_pending
                0x20002509        0x1 _build/nrf52832_xxaa_ble_advertising.c.o
 .bss.m_adv_evt
                0x2000250a        0x1 _build/nrf52832_xxaa_ble_advertising.c.o
 .bss.m_adv_mode_current
                0x2000250b        0x1 _build/nrf52832_xxaa_ble_advertising.c.o
 .bss.m_adv_modes_config
                0x2000250c       0x20 _build/nrf52832_xxaa_ble_advertising.c.o
 .bss.m_peer_address
                0x2000252c        0x7 _build/nrf52832_xxaa_ble_advertising.c.o
 .bss.m_peer_addr_reply_expected
                0x20002533        0x1 _build/nrf52832_xxaa_ble_advertising.c.o
 .bss.m_advdata
                0x20002534       0x3c _build/nrf52832_xxaa_ble_advertising.c.o
 .bss.m_manuf_specific_data
                0x20002570        0xc _build/nrf52832_xxaa_ble_advertising.c.o
 .bss.m_manuf_data_array
                0x2000257c       0x1f _build/nrf52832_xxaa_ble_advertising.c.o
 *fill*         0x2000259b        0x1 
 .bss.m_service_data
                0x2000259c        0xc _build/nrf52832_xxaa_ble_advertising.c.o
 .bss.m_service_data_array
                0x200025a8       0x1f _build/nrf52832_xxaa_ble_advertising.c.o
 *fill*         0x200025c7        0x1 
 .bss.m_slave_conn_int
                0x200025c8        0x4 _build/nrf52832_xxaa_ble_advertising.c.o
 .bss.m_current_slave_link_conn_handle
                0x200025cc        0x2 _build/nrf52832_xxaa_ble_advertising.c.o
 *fill*         0x200025ce        0x2 
 .bss.m_evt_handler
                0x200025d0        0x4 _build/nrf52832_xxaa_ble_advertising.c.o
 .bss.m_error_handler
                0x200025d4        0x4 _build/nrf52832_xxaa_ble_advertising.c.o
 .bss.m_whitelist_temporarily_disabled
                0x200025d8        0x1 _build/nrf52832_xxaa_ble_advertising.c.o
 .bss.m_whitelist_reply_expected
                0x200025d9        0x1 _build/nrf52832_xxaa_ble_advertising.c.o
 .bss.m_whitelist_in_use
                0x200025da        0x1 _build/nrf52832_xxaa_ble_advertising.c.o
 *fill*         0x200025db        0x1 
 .bss.m_conn_params_config
                0x200025dc       0x1c _build/nrf52832_xxaa_ble_conn_params.c.o
 .bss.m_preferred_conn_params
                0x200025f8        0x8 _build/nrf52832_xxaa_ble_conn_params.c.o
 .bss.m_update_count
                0x20002600        0x1 _build/nrf52832_xxaa_ble_conn_params.c.o
 *fill*         0x20002601        0x1 
 .bss.m_conn_handle
                0x20002602        0x2 _build/nrf52832_xxaa_ble_conn_params.c.o
 .bss.m_current_conn_params
                0x20002604        0x8 _build/nrf52832_xxaa_ble_conn_params.c.o
 .bss.m_conn_params_timer_id_data
                0x2000260c       0x20 _build/nrf52832_xxaa_ble_conn_params.c.o
 .bss.m_change_param
                0x2000262c        0x1 _build/nrf52832_xxaa_ble_conn_params.c.o
 *fill*         0x2000262d        0x3 
 .bss.m_evt_schedule_func
                0x20002630        0x4 _build/nrf52832_xxaa_softdevice_handler.c.o
 .bss.m_softdevice_enabled
                0x20002634        0x1 _build/nrf52832_xxaa_softdevice_handler.c.o
 .bss.m_suspended
                0x20002635        0x1 _build/nrf52832_xxaa_softdevice_handler.c.o
 *fill*         0x20002636        0x2 
 .bss.mp_ble_evt_buffer
                0x20002638        0x4 _build/nrf52832_xxaa_softdevice_handler.c.o
 .bss.m_ble_evt_buffer_size
                0x2000263c        0x2 _build/nrf52832_xxaa_softdevice_handler.c.o
 *fill*         0x2000263e        0x2 
 .bss.m_ble_evt_handler
                0x20002640        0x4 _build/nrf52832_xxaa_softdevice_handler.c.o
 .bss.m_sys_evt_handler
                0x20002644        0x4 _build/nrf52832_xxaa_softdevice_handler.c.o
 *(COMMON)
 COMMON         0x20002648        0xc _build/nrf52832_xxaa_app_util_platform.c.o
                0x20002648                nrf_nvic_state
 COMMON         0x20002654       0xe4 _build/nrf52832_xxaa_main.c.o
                0x20002654                x_val
                0x20002658                i
                0x2000265c                sampled_Y
                0x20002660                faccel_Y
                0x20002664                z_val
                0x20002668                a
                0x2000266c                y_val
                0x20002670                sample
                0x20002738                . = ALIGN (0x4)
                0x20002738                __bss_end__ = .

.heap           0x20002738     0x2000
                0x20002738                __HeapBase = .
                0x20002738                __end__ = .
                [!provide]                PROVIDE (end, .)
 *(.heap*)
 .heap          0x20002738     0x2000 _build/nrf52832_xxaa_gcc_startup_nrf52.S.o
                0x20004738                __HeapLimit = .

.stack_dummy    0x20002738     0x2000
 *(.stack*)
 .stack         0x20002738     0x2000 _build/nrf52832_xxaa_gcc_startup_nrf52.S.o
                0x20010000                __StackTop = (ORIGIN (RAM) + LENGTH (RAM))
                0x2000e000                __StackLimit = (__StackTop - SIZEOF (.stack_dummy))
                0x20010000                PROVIDE (__stack, __StackTop)
                0x00000001                ASSERT ((__StackLimit >= __HeapLimit), region RAM overflowed with stack)
OUTPUT(_build/nrf52832_xxaa.out elf32-littlearm)

.ARM.attributes
                0x00000000       0x30
 .ARM.attributes
                0x00000000       0x22 c:/program files (x86)/gnu tools arm embedded/6.2 2016q4/bin/../lib/gcc/arm-none-eabi/6.2.1/thumb/v7e-m/fpv4-sp/hard/crti.o
 .ARM.attributes
                0x00000022       0x34 c:/program files (x86)/gnu tools arm embedded/6.2 2016q4/bin/../lib/gcc/arm-none-eabi/6.2.1/thumb/v7e-m/fpv4-sp/hard/crtbegin.o
 .ARM.attributes
                0x00000056       0x20 c:/program files (x86)/gnu tools arm embedded/6.2 2016q4/bin/../lib/gcc/arm-none-eabi/6.2.1/../../../../arm-none-eabi/lib/thumb/v7e-m/fpv4-sp/hard/crt0.o
 .ARM.attributes
                0x00000076       0x34 c:/program files (x86)/gnu tools arm embedded/6.2 2016q4/bin/../lib/gcc/arm-none-eabi/6.2.1/../../../../arm-none-eabi/lib/thumb/v7e-m/fpv4-sp/hard\libc_nano.a(lib_a-exit.o)
 .ARM.attributes
                0x000000aa       0x34 c:/program files (x86)/gnu tools arm embedded/6.2 2016q4/bin/../lib/gcc/arm-none-eabi/6.2.1/../../../../arm-none-eabi/lib/thumb/v7e-m/fpv4-sp/hard\libc_nano.a(lib_a-impure.o)
 .ARM.attributes
                0x000000de       0x34 c:/program files (x86)/gnu tools arm embedded/6.2 2016q4/bin/../lib/gcc/arm-none-eabi/6.2.1/../../../../arm-none-eabi/lib/thumb/v7e-m/fpv4-sp/hard\libc_nano.a(lib_a-init.o)
 .ARM.attributes
                0x00000112       0x34 c:/program files (x86)/gnu tools arm embedded/6.2 2016q4/bin/../lib/gcc/arm-none-eabi/6.2.1/../../../../arm-none-eabi/lib/thumb/v7e-m/fpv4-sp/hard\libc_nano.a(lib_a-memset.o)
 .ARM.attributes
                0x00000146       0x34 c:/program files (x86)/gnu tools arm embedded/6.2 2016q4/bin/../lib/gcc/arm-none-eabi/6.2.1/../../../../arm-none-eabi/lib/thumb/v7e-m/fpv4-sp/hard\libnosys.a(_exit.o)
 .ARM.attributes
                0x0000017a       0x39 _build/nrf52832_xxaa_app_error.c.o
 .ARM.attributes
                0x000001b3       0x39 _build/nrf52832_xxaa_app_error_weak.c.o
 .ARM.attributes
                0x000001ec       0x39 _build/nrf52832_xxaa_app_timer.c.o
 .ARM.attributes
                0x00000225       0x39 _build/nrf52832_xxaa_app_util_platform.c.o
 .ARM.attributes
                0x0000025e       0x39 _build/nrf52832_xxaa_fstorage.c.o
 .ARM.attributes
                0x00000297       0x39 _build/nrf52832_xxaa_boards.c.o
 .ARM.attributes
                0x000002d0       0x39 _build/nrf52832_xxaa_nrf_drv_clock.c.o
 .ARM.attributes
                0x00000309       0x39 _build/nrf52832_xxaa_nrf_drv_common.c.o
 .ARM.attributes
                0x00000342       0x39 _build/nrf52832_xxaa_nrf_drv_gpiote.c.o
 .ARM.attributes
                0x0000037b       0x39 _build/nrf52832_xxaa_nrf_drv_twi.c.o
 .ARM.attributes
                0x000003b4       0x39 _build/nrf52832_xxaa_nrf_drv_uart.c.o
 .ARM.attributes
                0x000003ed       0x39 _build/nrf52832_xxaa_bsp.c.o
 .ARM.attributes
                0x00000426       0x39 _build/nrf52832_xxaa_bsp_btn_ble.c.o
 .ARM.attributes
                0x0000045f       0x39 _build/nrf52832_xxaa_main.c.o
 .ARM.attributes
                0x00000498       0x39 _build/nrf52832_xxaa_bluey_service.c.o
 .ARM.attributes
                0x000004d1       0x39 _build/nrf52832_xxaa_LSM6DS3.c.o
 .ARM.attributes
                0x0000050a       0x39 _build/nrf52832_xxaa_ble_advdata.c.o
 .ARM.attributes
                0x00000543       0x39 _build/nrf52832_xxaa_ble_advertising.c.o
 .ARM.attributes
                0x0000057c       0x39 _build/nrf52832_xxaa_ble_conn_params.c.o
 .ARM.attributes
                0x000005b5       0x39 _build/nrf52832_xxaa_ble_srv_common.c.o
 .ARM.attributes
                0x000005ee       0x1c _build/nrf52832_xxaa_gcc_startup_nrf52.S.o
 .ARM.attributes
                0x0000060a       0x39 _build/nrf52832_xxaa_system_nrf52.c.o
 .ARM.attributes
                0x00000643       0x39 _build/nrf52832_xxaa_softdevice_handler.c.o
 .ARM.attributes
                0x0000067c       0x34 c:/program files (x86)/gnu tools arm embedded/6.2 2016q4/bin/../lib/gcc/arm-none-eabi/6.2.1/../../../../arm-none-eabi/lib/thumb/v7e-m/fpv4-sp/hard\libc_nano.a(lib_a-memcpy-stub.o)
 .ARM.attributes
                0x000006b0       0x1b c:/program files (x86)/gnu tools arm embedded/6.2 2016q4/bin/../lib/gcc/arm-none-eabi/6.2.1/../../../../arm-none-eabi/lib/thumb/v7e-m/fpv4-sp/hard\libc_nano.a(lib_a-strlen.o)
 .ARM.attributes
                0x000006cb       0x34 c:/program files (x86)/gnu tools arm embedded/6.2 2016q4/bin/../lib/gcc/arm-none-eabi/6.2.1/thumb/v7e-m/fpv4-sp/hard/crtend.o
 .ARM.attributes
                0x000006ff       0x22 c:/program files (x86)/gnu tools arm embedded/6.2 2016q4/bin/../lib/gcc/arm-none-eabi/6.2.1/thumb/v7e-m/fpv4-sp/hard/crtn.o

.comment        0x00000000       0x6e
 .comment       0x00000000       0x6e _build/nrf52832_xxaa_app_error.c.o
                                 0x6f (size before relaxing)
 .comment       0x0000006e       0x6f _build/nrf52832_xxaa_app_error_weak.c.o
 .comment       0x0000006e       0x6f _build/nrf52832_xxaa_app_timer.c.o
 .comment       0x0000006e       0x6f _build/nrf52832_xxaa_app_util_platform.c.o
 .comment       0x0000006e       0x6f _build/nrf52832_xxaa_fstorage.c.o
 .comment       0x0000006e       0x6f _build/nrf52832_xxaa_boards.c.o
 .comment       0x0000006e       0x6f _build/nrf52832_xxaa_nrf_drv_clock.c.o
 .comment       0x0000006e       0x6f _build/nrf52832_xxaa_nrf_drv_common.c.o
 .comment       0x0000006e       0x6f _build/nrf52832_xxaa_nrf_drv_gpiote.c.o
 .comment       0x0000006e       0x6f _build/nrf52832_xxaa_nrf_drv_twi.c.o
 .comment       0x0000006e       0x6f _build/nrf52832_xxaa_nrf_drv_uart.c.o
 .comment       0x0000006e       0x6f _build/nrf52832_xxaa_bsp.c.o
 .comment       0x0000006e       0x6f _build/nrf52832_xxaa_bsp_btn_ble.c.o
 .comment       0x0000006e       0x6f _build/nrf52832_xxaa_main.c.o
 .comment       0x0000006e       0x6f _build/nrf52832_xxaa_bluey_service.c.o
 .comment       0x0000006e       0x6f _build/nrf52832_xxaa_LSM6DS3.c.o
 .comment       0x0000006e       0x6f _build/nrf52832_xxaa_ble_advdata.c.o
 .comment       0x0000006e       0x6f _build/nrf52832_xxaa_ble_advertising.c.o
 .comment       0x0000006e       0x6f _build/nrf52832_xxaa_ble_conn_params.c.o
 .comment       0x0000006e       0x6f _build/nrf52832_xxaa_ble_srv_common.c.o
 .comment       0x0000006e       0x6f _build/nrf52832_xxaa_system_nrf52.c.o
 .comment       0x0000006e       0x6f _build/nrf52832_xxaa_softdevice_handler.c.o

.debug_frame    0x00000000     0x942c
 .debug_frame   0x00000000       0x28 c:/program files (x86)/gnu tools arm embedded/6.2 2016q4/bin/../lib/gcc/arm-none-eabi/6.2.1/../../../../arm-none-eabi/lib/thumb/v7e-m/fpv4-sp/hard\libc_nano.a(lib_a-exit.o)
 .debug_frame   0x00000028       0x2c c:/program files (x86)/gnu tools arm embedded/6.2 2016q4/bin/../lib/gcc/arm-none-eabi/6.2.1/../../../../arm-none-eabi/lib/thumb/v7e-m/fpv4-sp/hard\libc_nano.a(lib_a-init.o)
 .debug_frame   0x00000054       0x20 c:/program files (x86)/gnu tools arm embedded/6.2 2016q4/bin/../lib/gcc/arm-none-eabi/6.2.1/../../../../arm-none-eabi/lib/thumb/v7e-m/fpv4-sp/hard\libc_nano.a(lib_a-memset.o)
 .debug_frame   0x00000074       0x20 c:/program files (x86)/gnu tools arm embedded/6.2 2016q4/bin/../lib/gcc/arm-none-eabi/6.2.1/../../../../arm-none-eabi/lib/thumb/v7e-m/fpv4-sp/hard\libnosys.a(_exit.o)
 .debug_frame   0x00000094       0x80 _build/nrf52832_xxaa_app_error.c.o
 .debug_frame   0x00000114       0x4c _build/nrf52832_xxaa_app_error_weak.c.o
 .debug_frame   0x00000160      0x808 _build/nrf52832_xxaa_app_timer.c.o
 .debug_frame   0x00000968      0x3c8 _build/nrf52832_xxaa_app_util_platform.c.o
 .debug_frame   0x00000d30      0x550 _build/nrf52832_xxaa_fstorage.c.o
 .debug_frame   0x00001280      0x400 _build/nrf52832_xxaa_boards.c.o
 .debug_frame   0x00001680      0xc08 _build/nrf52832_xxaa_nrf_drv_clock.c.o
 .debug_frame   0x00002288      0x3b4 _build/nrf52832_xxaa_nrf_drv_common.c.o
 .debug_frame   0x0000263c      0xd54 _build/nrf52832_xxaa_nrf_drv_gpiote.c.o
 .debug_frame   0x00003390      0xa5c _build/nrf52832_xxaa_nrf_drv_twi.c.o
 .debug_frame   0x00003dec      0xf38 _build/nrf52832_xxaa_nrf_drv_uart.c.o
 .debug_frame   0x00004d24      0x228 _build/nrf52832_xxaa_bsp.c.o
 .debug_frame   0x00004f4c      0x578 _build/nrf52832_xxaa_bsp_btn_ble.c.o
 .debug_frame   0x000054c4      0xa64 _build/nrf52832_xxaa_main.c.o
 .debug_frame   0x00005f28      0x5ac _build/nrf52832_xxaa_bluey_service.c.o
 .debug_frame   0x000064d4      0x5b0 _build/nrf52832_xxaa_LSM6DS3.c.o
 .debug_frame   0x00006a84      0x6fc _build/nrf52832_xxaa_ble_advdata.c.o
 .debug_frame   0x00007180      0xa04 _build/nrf52832_xxaa_ble_advertising.c.o
 .debug_frame   0x00007b84      0x62c _build/nrf52832_xxaa_ble_conn_params.c.o
 .debug_frame   0x000081b0      0x5c8 _build/nrf52832_xxaa_ble_srv_common.c.o
 .debug_frame   0x00008778      0x164 _build/nrf52832_xxaa_system_nrf52.c.o
 .debug_frame   0x000088dc      0xb28 _build/nrf52832_xxaa_softdevice_handler.c.o
 .debug_frame   0x00009404       0x28 c:/program files (x86)/gnu tools arm embedded/6.2 2016q4/bin/../lib/gcc/arm-none-eabi/6.2.1/../../../../arm-none-eabi/lib/thumb/v7e-m/fpv4-sp/hard\libc_nano.a(lib_a-memcpy-stub.o)

.debug_info     0x00000000    0x3ef41
 .debug_info    0x00000000      0xb22 _build/nrf52832_xxaa_app_error.c.o
 .debug_info    0x00000b22      0xb49 _build/nrf52832_xxaa_app_error_weak.c.o
 .debug_info    0x0000166b     0x2696 _build/nrf52832_xxaa_app_timer.c.o
 .debug_info    0x00003d01     0x1878 _build/nrf52832_xxaa_app_util_platform.c.o
 .debug_info    0x00005579     0x203f _build/nrf52832_xxaa_fstorage.c.o
 .debug_info    0x000075b8     0x109d _build/nrf52832_xxaa_boards.c.o
 .debug_info    0x00008655     0x4660 _build/nrf52832_xxaa_nrf_drv_clock.c.o
 .debug_info    0x0000ccb5     0x1955 _build/nrf52832_xxaa_nrf_drv_common.c.o
 .debug_info    0x0000e60a     0x2d56 _build/nrf52832_xxaa_nrf_drv_gpiote.c.o
 .debug_info    0x00011360     0x2f3f _build/nrf52832_xxaa_nrf_drv_twi.c.o
 .debug_info    0x0001429f     0x39bd _build/nrf52832_xxaa_nrf_drv_uart.c.o
 .debug_info    0x00017c5c     0x116c _build/nrf52832_xxaa_bsp.c.o
 .debug_info    0x00018dc8     0x3e18 _build/nrf52832_xxaa_bsp_btn_ble.c.o
 .debug_info    0x0001cbe0     0x6150 _build/nrf52832_xxaa_main.c.o
 .debug_info    0x00022d30     0x401d _build/nrf52832_xxaa_bluey_service.c.o
 .debug_info    0x00026d4d     0x2731 _build/nrf52832_xxaa_LSM6DS3.c.o
 .debug_info    0x0002947e     0x367b _build/nrf52832_xxaa_ble_advdata.c.o
 .debug_info    0x0002caf9     0x509b _build/nrf52832_xxaa_ble_advertising.c.o
 .debug_info    0x00031b94     0x40ff _build/nrf52832_xxaa_ble_conn_params.c.o
 .debug_info    0x00035c93     0x32b6 _build/nrf52832_xxaa_ble_srv_common.c.o
 .debug_info    0x00038f49      0xd8f _build/nrf52832_xxaa_system_nrf52.c.o
 .debug_info    0x00039cd8     0x5269 _build/nrf52832_xxaa_softdevice_handler.c.o

.debug_abbrev   0x00000000     0x4a68
 .debug_abbrev  0x00000000      0x218 _build/nrf52832_xxaa_app_error.c.o
 .debug_abbrev  0x00000218      0x216 _build/nrf52832_xxaa_app_error_weak.c.o
 .debug_abbrev  0x0000042e      0x401 _build/nrf52832_xxaa_app_timer.c.o
 .debug_abbrev  0x0000082f      0x36f _build/nrf52832_xxaa_app_util_platform.c.o
 .debug_abbrev  0x00000b9e      0x395 _build/nrf52832_xxaa_fstorage.c.o
 .debug_abbrev  0x00000f33      0x2f5 _build/nrf52832_xxaa_boards.c.o
 .debug_abbrev  0x00001228      0x48e _build/nrf52832_xxaa_nrf_drv_clock.c.o
 .debug_abbrev  0x000016b6      0x2bd _build/nrf52832_xxaa_nrf_drv_common.c.o
 .debug_abbrev  0x00001973      0x40d _build/nrf52832_xxaa_nrf_drv_gpiote.c.o
 .debug_abbrev  0x00001d80      0x3fa _build/nrf52832_xxaa_nrf_drv_twi.c.o
 .debug_abbrev  0x0000217a      0x3d3 _build/nrf52832_xxaa_nrf_drv_uart.c.o
 .debug_abbrev  0x0000254d      0x2fc _build/nrf52832_xxaa_bsp.c.o
 .debug_abbrev  0x00002849      0x33f _build/nrf52832_xxaa_bsp_btn_ble.c.o
 .debug_abbrev  0x00002b88      0x419 _build/nrf52832_xxaa_main.c.o
 .debug_abbrev  0x00002fa1      0x364 _build/nrf52832_xxaa_bluey_service.c.o
 .debug_abbrev  0x00003305      0x30c _build/nrf52832_xxaa_LSM6DS3.c.o
 .debug_abbrev  0x00003611      0x345 _build/nrf52832_xxaa_ble_advdata.c.o
 .debug_abbrev  0x00003956      0x403 _build/nrf52832_xxaa_ble_advertising.c.o
 .debug_abbrev  0x00003d59      0x3b6 _build/nrf52832_xxaa_ble_conn_params.c.o
 .debug_abbrev  0x0000410f      0x325 _build/nrf52832_xxaa_ble_srv_common.c.o
 .debug_abbrev  0x00004434      0x1e1 _build/nrf52832_xxaa_system_nrf52.c.o
 .debug_abbrev  0x00004615      0x453 _build/nrf52832_xxaa_softdevice_handler.c.o

.debug_aranges  0x00000000     0x3670
 .debug_aranges
                0x00000000       0x30 _build/nrf52832_xxaa_app_error.c.o
 .debug_aranges
                0x00000030       0x28 _build/nrf52832_xxaa_app_error_weak.c.o
 .debug_aranges
                0x00000058      0x298 _build/nrf52832_xxaa_app_timer.c.o
 .debug_aranges
                0x000002f0      0x1a8 _build/nrf52832_xxaa_app_util_platform.c.o
 .debug_aranges
                0x00000498      0x200 _build/nrf52832_xxaa_fstorage.c.o
 .debug_aranges
                0x00000698       0xf0 _build/nrf52832_xxaa_boards.c.o
 .debug_aranges
                0x00000788      0x4d8 _build/nrf52832_xxaa_nrf_drv_clock.c.o
 .debug_aranges
                0x00000c60      0x1a0 _build/nrf52832_xxaa_nrf_drv_common.c.o
 .debug_aranges
                0x00000e00      0x3a8 _build/nrf52832_xxaa_nrf_drv_gpiote.c.o
 .debug_aranges
                0x000011a8      0x300 _build/nrf52832_xxaa_nrf_drv_twi.c.o
 .debug_aranges
                0x000014a8      0x408 _build/nrf52832_xxaa_nrf_drv_uart.c.o
 .debug_aranges
                0x000018b0       0x90 _build/nrf52832_xxaa_bsp.c.o
 .debug_aranges
                0x00001940      0x290 _build/nrf52832_xxaa_bsp_btn_ble.c.o
 .debug_aranges
                0x00001bd0      0x478 _build/nrf52832_xxaa_main.c.o
 .debug_aranges
                0x00002048      0x298 _build/nrf52832_xxaa_bluey_service.c.o
 .debug_aranges
                0x000022e0      0x208 _build/nrf52832_xxaa_LSM6DS3.c.o
 .debug_aranges
                0x000024e8      0x2e0 _build/nrf52832_xxaa_ble_advdata.c.o
 .debug_aranges
                0x000027c8      0x448 _build/nrf52832_xxaa_ble_advertising.c.o
 .debug_aranges
                0x00002c10      0x2b8 _build/nrf52832_xxaa_ble_conn_params.c.o
 .debug_aranges
                0x00002ec8      0x2a0 _build/nrf52832_xxaa_ble_srv_common.c.o
 .debug_aranges
                0x00003168       0x70 _build/nrf52832_xxaa_system_nrf52.c.o
 .debug_aranges
                0x000031d8      0x498 _build/nrf52832_xxaa_softdevice_handler.c.o

.debug_ranges   0x00000000     0x3570
 .debug_ranges  0x00000000       0x20 _build/nrf52832_xxaa_app_error.c.o
 .debug_ranges  0x00000020       0x18 _build/nrf52832_xxaa_app_error_weak.c.o
 .debug_ranges  0x00000038      0x288 _build/nrf52832_xxaa_app_timer.c.o
 .debug_ranges  0x000002c0      0x198 _build/nrf52832_xxaa_app_util_platform.c.o
 .debug_ranges  0x00000458      0x1f0 _build/nrf52832_xxaa_fstorage.c.o
 .debug_ranges  0x00000648       0xe0 _build/nrf52832_xxaa_boards.c.o
 .debug_ranges  0x00000728      0x4e0 _build/nrf52832_xxaa_nrf_drv_clock.c.o
 .debug_ranges  0x00000c08      0x190 _build/nrf52832_xxaa_nrf_drv_common.c.o
 .debug_ranges  0x00000d98      0x398 _build/nrf52832_xxaa_nrf_drv_gpiote.c.o
 .debug_ranges  0x00001130      0x2f0 _build/nrf52832_xxaa_nrf_drv_twi.c.o
 .debug_ranges  0x00001420      0x3f8 _build/nrf52832_xxaa_nrf_drv_uart.c.o
 .debug_ranges  0x00001818       0x80 _build/nrf52832_xxaa_bsp.c.o
 .debug_ranges  0x00001898      0x280 _build/nrf52832_xxaa_bsp_btn_ble.c.o
 .debug_ranges  0x00001b18      0x468 _build/nrf52832_xxaa_main.c.o
 .debug_ranges  0x00001f80      0x288 _build/nrf52832_xxaa_bluey_service.c.o
 .debug_ranges  0x00002208      0x1f8 _build/nrf52832_xxaa_LSM6DS3.c.o
 .debug_ranges  0x00002400      0x2d0 _build/nrf52832_xxaa_ble_advdata.c.o
 .debug_ranges  0x000026d0      0x438 _build/nrf52832_xxaa_ble_advertising.c.o
 .debug_ranges  0x00002b08      0x2a8 _build/nrf52832_xxaa_ble_conn_params.c.o
 .debug_ranges  0x00002db0      0x290 _build/nrf52832_xxaa_ble_srv_common.c.o
 .debug_ranges  0x00003040       0x60 _build/nrf52832_xxaa_system_nrf52.c.o
 .debug_ranges  0x000030a0      0x4d0 _build/nrf52832_xxaa_softdevice_handler.c.o

.debug_macro    0x00000000     0x76c7
 .debug_macro   0x00000000      0x2a6 _build/nrf52832_xxaa_app_error.c.o
 .debug_macro   0x000002a6       0x35 _build/nrf52832_xxaa_app_error.c.o
 .debug_macro   0x000002db       0x22 _build/nrf52832_xxaa_app_error.c.o
 .debug_macro   0x000002fd       0x16 _build/nrf52832_xxaa_app_error.c.o
 .debug_macro   0x00000313       0x97 _build/nrf52832_xxaa_app_error.c.o
 .debug_macro   0x000003aa       0xf6 _build/nrf52832_xxaa_app_error.c.o
 .debug_macro   0x000004a0       0x22 _build/nrf52832_xxaa_app_error.c.o
 .debug_macro   0x000004c2       0x16 _build/nrf52832_xxaa_app_error.c.o
 .debug_macro   0x000004d8      0x39a _build/nrf52832_xxaa_app_error.c.o
 .debug_macro   0x00000872      0x16c _build/nrf52832_xxaa_app_error.c.o
 .debug_macro   0x000009de       0x59 _build/nrf52832_xxaa_app_error.c.o
 .debug_macro   0x00000a37       0x28 _build/nrf52832_xxaa_app_error.c.o
 .debug_macro   0x00000a5f       0x22 _build/nrf52832_xxaa_app_error.c.o
 .debug_macro   0x00000a81      0x2a6 _build/nrf52832_xxaa_app_error_weak.c.o
 .debug_macro   0x00000d27       0x1c _build/nrf52832_xxaa_app_error_weak.c.o
 .debug_macro   0x00000d43      0x33c _build/nrf52832_xxaa_app_timer.c.o
 .debug_macro   0x0000107f       0x16 _build/nrf52832_xxaa_app_timer.c.o
 .debug_macro   0x00001095       0x40 _build/nrf52832_xxaa_app_timer.c.o
 .debug_macro   0x000010d5       0x64 _build/nrf52832_xxaa_app_timer.c.o
 .debug_macro   0x00001139       0x10 _build/nrf52832_xxaa_app_timer.c.o
 .debug_macro   0x00001149       0x2e _build/nrf52832_xxaa_app_timer.c.o
 .debug_macro   0x00001177       0x74 _build/nrf52832_xxaa_app_timer.c.o
 .debug_macro   0x000011eb      0x279 _build/nrf52832_xxaa_app_util_platform.c.o
 .debug_macro   0x00001464      0x240 _build/nrf52832_xxaa_fstorage.c.o
 .debug_macro   0x000016a4       0x4b _build/nrf52832_xxaa_fstorage.c.o
 .debug_macro   0x000016ef       0x4d _build/nrf52832_xxaa_fstorage.c.o
 .debug_macro   0x0000173c      0x29d _build/nrf52832_xxaa_boards.c.o
 .debug_macro   0x000019d9      0x24d _build/nrf52832_xxaa_boards.c.o
 .debug_macro   0x00001c26      0x115 _build/nrf52832_xxaa_boards.c.o
 .debug_macro   0x00001d3b      0x437 _build/nrf52832_xxaa_nrf_drv_clock.c.o
 .debug_macro   0x00002172       0x10 _build/nrf52832_xxaa_nrf_drv_clock.c.o
 .debug_macro   0x00002182       0x28 _build/nrf52832_xxaa_nrf_drv_clock.c.o
 .debug_macro   0x000021aa       0x1c _build/nrf52832_xxaa_nrf_drv_clock.c.o
 .debug_macro   0x000021c6       0xdb _build/nrf52832_xxaa_nrf_drv_clock.c.o
 .debug_macro   0x000022a1       0xca _build/nrf52832_xxaa_nrf_drv_clock.c.o
 .debug_macro   0x0000236b      0x1fb _build/nrf52832_xxaa_nrf_drv_clock.c.o
 .debug_macro   0x00002566      0x424 _build/nrf52832_xxaa_nrf_drv_clock.c.o
 .debug_macro   0x0000298a       0x40 _build/nrf52832_xxaa_nrf_drv_clock.c.o
 .debug_macro   0x000029ca       0x22 _build/nrf52832_xxaa_nrf_drv_clock.c.o
 .debug_macro   0x000029ec      0x1f7 _build/nrf52832_xxaa_nrf_drv_clock.c.o
 .debug_macro   0x00002be3       0x1c _build/nrf52832_xxaa_nrf_drv_clock.c.o
 .debug_macro   0x00002bff       0xdc _build/nrf52832_xxaa_nrf_drv_clock.c.o
 .debug_macro   0x00002cdb       0x2c _build/nrf52832_xxaa_nrf_drv_clock.c.o
 .debug_macro   0x00002d07       0x16 _build/nrf52832_xxaa_nrf_drv_clock.c.o
 .debug_macro   0x00002d1d       0x10 _build/nrf52832_xxaa_nrf_drv_clock.c.o
 .debug_macro   0x00002d2d      0x1a3 _build/nrf52832_xxaa_nrf_drv_clock.c.o
 .debug_macro   0x00002ed0       0x1c _build/nrf52832_xxaa_nrf_drv_clock.c.o
 .debug_macro   0x00002eec       0x16 _build/nrf52832_xxaa_nrf_drv_clock.c.o
 .debug_macro   0x00002f02      0x172 _build/nrf52832_xxaa_nrf_drv_clock.c.o
 .debug_macro   0x00003074      0x2e3 _build/nrf52832_xxaa_nrf_drv_common.c.o
 .debug_macro   0x00003357       0x22 _build/nrf52832_xxaa_nrf_drv_common.c.o
 .debug_macro   0x00003379      0x3c5 _build/nrf52832_xxaa_nrf_drv_gpiote.c.o
 .debug_macro   0x0000373e       0x16 _build/nrf52832_xxaa_nrf_drv_gpiote.c.o
 .debug_macro   0x00003754      0x409 _build/nrf52832_xxaa_nrf_drv_twi.c.o
 .debug_macro   0x00003b5d       0x62 _build/nrf52832_xxaa_nrf_drv_twi.c.o
 .debug_macro   0x00003bbf      0x3b2 _build/nrf52832_xxaa_nrf_drv_uart.c.o
 .debug_macro   0x00003f71      0x2f1 _build/nrf52832_xxaa_bsp.c.o
 .debug_macro   0x00004262       0x16 _build/nrf52832_xxaa_bsp.c.o
 .debug_macro   0x00004278       0x1c _build/nrf52832_xxaa_bsp.c.o
 .debug_macro   0x00004294      0x100 _build/nrf52832_xxaa_bsp.c.o
 .debug_macro   0x00004394      0x38a _build/nrf52832_xxaa_bsp_btn_ble.c.o
 .debug_macro   0x0000471e      0x41e _build/nrf52832_xxaa_bsp_btn_ble.c.o
 .debug_macro   0x00004b3c       0x3a _build/nrf52832_xxaa_bsp_btn_ble.c.o
 .debug_macro   0x00004b76      0x57b _build/nrf52832_xxaa_main.c.o
 .debug_macro   0x000050f1       0xa6 _build/nrf52832_xxaa_main.c.o
 .debug_macro   0x00005197       0x64 _build/nrf52832_xxaa_main.c.o
 .debug_macro   0x000051fb      0x2ce _build/nrf52832_xxaa_main.c.o
 .debug_macro   0x000054c9       0x46 _build/nrf52832_xxaa_main.c.o
 .debug_macro   0x0000550f       0x1c _build/nrf52832_xxaa_main.c.o
 .debug_macro   0x0000552b       0x3b _build/nrf52832_xxaa_main.c.o
 .debug_macro   0x00005566       0x10 _build/nrf52832_xxaa_main.c.o
 .debug_macro   0x00005576       0x2e _build/nrf52832_xxaa_main.c.o
 .debug_macro   0x000055a4       0x10 _build/nrf52832_xxaa_main.c.o
 .debug_macro   0x000055b4       0x28 _build/nrf52832_xxaa_main.c.o
 .debug_macro   0x000055dc       0x10 _build/nrf52832_xxaa_main.c.o
 .debug_macro   0x000055ec       0x4c _build/nrf52832_xxaa_main.c.o
 .debug_macro   0x00005638      0x210 _build/nrf52832_xxaa_main.c.o
 .debug_macro   0x00005848       0x5e _build/nrf52832_xxaa_main.c.o
 .debug_macro   0x000058a6      0x367 _build/nrf52832_xxaa_bluey_service.c.o
 .debug_macro   0x00005c0d      0x36e _build/nrf52832_xxaa_LSM6DS3.c.o
 .debug_macro   0x00005f7b       0x4c _build/nrf52832_xxaa_LSM6DS3.c.o
 .debug_macro   0x00005fc7       0x55 _build/nrf52832_xxaa_LSM6DS3.c.o
 .debug_macro   0x0000601c      0x10e _build/nrf52832_xxaa_LSM6DS3.c.o
 .debug_macro   0x0000612a       0x86 _build/nrf52832_xxaa_LSM6DS3.c.o
 .debug_macro   0x000061b0       0x57 _build/nrf52832_xxaa_LSM6DS3.c.o
 .debug_macro   0x00006207       0x16 _build/nrf52832_xxaa_LSM6DS3.c.o
 .debug_macro   0x0000621d       0x10 _build/nrf52832_xxaa_LSM6DS3.c.o
 .debug_macro   0x0000622d       0x10 _build/nrf52832_xxaa_LSM6DS3.c.o
 .debug_macro   0x0000623d       0x2e _build/nrf52832_xxaa_LSM6DS3.c.o
 .debug_macro   0x0000626b      0x3d6 _build/nrf52832_xxaa_LSM6DS3.c.o
 .debug_macro   0x00006641      0x2a2 _build/nrf52832_xxaa_ble_advdata.c.o
 .debug_macro   0x000068e3      0x2dc _build/nrf52832_xxaa_ble_advertising.c.o
 .debug_macro   0x00006bbf      0x312 _build/nrf52832_xxaa_ble_conn_params.c.o
 .debug_macro   0x00006ed1      0x2e2 _build/nrf52832_xxaa_ble_srv_common.c.o
 .debug_macro   0x000071b3       0xf5 _build/nrf52832_xxaa_system_nrf52.c.o
 .debug_macro   0x000072a8      0x40f _build/nrf52832_xxaa_softdevice_handler.c.o
 .debug_macro   0x000076b7       0x10 _build/nrf52832_xxaa_softdevice_handler.c.o

.debug_line     0x00000000    0x123f1
 .debug_line    0x00000000      0x633 _build/nrf52832_xxaa_app_error.c.o
 .debug_line    0x00000633      0x620 _build/nrf52832_xxaa_app_error_weak.c.o
 .debug_line    0x00000c53      0xdbb _build/nrf52832_xxaa_app_timer.c.o
 .debug_line    0x00001a0e      0x8f3 _build/nrf52832_xxaa_app_util_platform.c.o
 .debug_line    0x00002301      0xb8f _build/nrf52832_xxaa_fstorage.c.o
 .debug_line    0x00002e90      0x819 _build/nrf52832_xxaa_boards.c.o
 .debug_line    0x000036a9     0x1450 _build/nrf52832_xxaa_nrf_drv_clock.c.o
 .debug_line    0x00004af9      0x9d7 _build/nrf52832_xxaa_nrf_drv_common.c.o
 .debug_line    0x000054d0     0x1230 _build/nrf52832_xxaa_nrf_drv_gpiote.c.o
 .debug_line    0x00006700     0x106d _build/nrf52832_xxaa_nrf_drv_twi.c.o
 .debug_line    0x0000776d     0x13c1 _build/nrf52832_xxaa_nrf_drv_uart.c.o
 .debug_line    0x00008b2e      0x8bb _build/nrf52832_xxaa_bsp.c.o
 .debug_line    0x000093e9      0xcfa _build/nrf52832_xxaa_bsp_btn_ble.c.o
 .debug_line    0x0000a0e3     0x16b6 _build/nrf52832_xxaa_main.c.o
 .debug_line    0x0000b799      0xce7 _build/nrf52832_xxaa_bluey_service.c.o
 .debug_line    0x0000c480      0xd78 _build/nrf52832_xxaa_LSM6DS3.c.o
 .debug_line    0x0000d1f8      0xdeb _build/nrf52832_xxaa_ble_advdata.c.o
 .debug_line    0x0000dfe3     0x122e _build/nrf52832_xxaa_ble_advertising.c.o
 .debug_line    0x0000f211      0xcaf _build/nrf52832_xxaa_ble_conn_params.c.o
 .debug_line    0x0000fec0      0xc83 _build/nrf52832_xxaa_ble_srv_common.c.o
 .debug_line    0x00010b43      0x509 _build/nrf52832_xxaa_system_nrf52.c.o
 .debug_line    0x0001104c     0x13a5 _build/nrf52832_xxaa_softdevice_handler.c.o

.debug_str      0x00000000    0x7d8ec
 .debug_str     0x00000000    0x64bb4 _build/nrf52832_xxaa_app_error.c.o
                              0x657ac (size before relaxing)
 .debug_str     0x00064bb4       0xf0 _build/nrf52832_xxaa_app_error_weak.c.o
                              0x6574d (size before relaxing)
 .debug_str     0x00064ca4     0x258e _build/nrf52832_xxaa_app_timer.c.o
                              0x66607 (size before relaxing)
 .debug_str     0x00067232      0x18b _build/nrf52832_xxaa_app_util_platform.c.o
                              0x6252f (size before relaxing)
 .debug_str     0x000673bd      0xcdf _build/nrf52832_xxaa_fstorage.c.o
                              0x65338 (size before relaxing)
 .debug_str     0x0006809c     0x1a1e _build/nrf52832_xxaa_boards.c.o
                              0x62593 (size before relaxing)
 .debug_str     0x00069aba     0x87a8 _build/nrf52832_xxaa_nrf_drv_clock.c.o
                              0x6fb34 (size before relaxing)
 .debug_str     0x00072262       0x97 _build/nrf52832_xxaa_nrf_drv_common.c.o
                              0x6607c (size before relaxing)
 .debug_str     0x000722f9     0x15f3 _build/nrf52832_xxaa_nrf_drv_gpiote.c.o
                              0x69271 (size before relaxing)
 .debug_str     0x000738ec     0x1765 _build/nrf52832_xxaa_nrf_drv_twi.c.o
                              0x69345 (size before relaxing)
 .debug_str     0x00075051     0x16b7 _build/nrf52832_xxaa_nrf_drv_uart.c.o
                              0x6955d (size before relaxing)
 .debug_str     0x00076708     0x10cf _build/nrf52832_xxaa_bsp.c.o
                              0x666e6 (size before relaxing)
 .debug_str     0x000777d7      0xefd _build/nrf52832_xxaa_bsp_btn_ble.c.o
                              0x6924b (size before relaxing)
 .debug_str     0x000786d4     0x35be _build/nrf52832_xxaa_main.c.o
                              0x73fc5 (size before relaxing)
 .debug_str     0x0007bc92       0xed _build/nrf52832_xxaa_bluey_service.c.o
                              0x6c1d2 (size before relaxing)
 .debug_str     0x0007bd7f      0x955 _build/nrf52832_xxaa_LSM6DS3.c.o
                              0x65080 (size before relaxing)
 .debug_str     0x0007c6d4      0x2d5 _build/nrf52832_xxaa_ble_advdata.c.o
                              0x6ab8e (size before relaxing)
 .debug_str     0x0007c9a9      0x411 _build/nrf52832_xxaa_ble_advertising.c.o
                              0x6d54f (size before relaxing)
 .debug_str     0x0007cdba      0x1c6 _build/nrf52832_xxaa_ble_conn_params.c.o
                              0x6c03a (size before relaxing)
 .debug_str     0x0007cf80      0x2e6 _build/nrf52832_xxaa_ble_srv_common.c.o
                              0x6abee (size before relaxing)
 .debug_str     0x0007d266      0x15c _build/nrf52832_xxaa_system_nrf52.c.o
                              0x5bb11 (size before relaxing)
 .debug_str     0x0007d3c2      0x52a _build/nrf52832_xxaa_softdevice_handler.c.o
                              0x6fbe1 (size before relaxing)
